\BOOKMARK [0][-]{chapter.1}{\376\377\000E\000i\000n\000l\000e\000i\000t\000u\000n\000g}{}% 1
\BOOKMARK [0][-]{chapter.2}{\376\377\000K\000o\000n\000s\000t\000r\000u\000k\000t\000i\000o\000n\000\040\000d\000e\000r\000\040\000n\000a\000t\000\374\000r\000l\000i\000c\000h\000e\000n\000\040\000Z\000a\000h\000l\000e\000n}{}% 2
\BOOKMARK [1][-]{section.2.1}{\376\377\000A\000x\000i\000o\000m\000a\000t\000i\000s\000c\000h\000e\000\040\000G\000r\000u\000n\000d\000l\000a\000g\000e}{chapter.2}% 3
\BOOKMARK [1][-]{section.2.2}{\376\377\000N\000a\000c\000h\000f\000o\000l\000g\000e\000r\000\040\000u\000n\000d\000\040\000i\000n\000d\000u\000k\000t\000i\000v\000e\000\040\000M\000e\000n\000g\000e\000n}{chapter.2}% 4
\BOOKMARK [2][-]{subsection.2.2.1}{\376\377\000I\000n\000d\000u\000k\000t\000i\000v\000e\000\040\000M\000e\000n\000g\000e\000n}{section.2.2}% 5
\BOOKMARK [2][-]{subsection.2.2.2}{\376\377\000D\000i\000e\000\040\000N\000a\000c\000h\000f\000o\000l\000g\000e\000r\000-\000F\000u\000n\000k\000t\000i\000o\000n}{section.2.2}% 6
\BOOKMARK [3][-]{section*.7}{\376\377\000D\000e\000f\000i\000n\000i\000t\000i\000o\000n\000\040\000d\000e\000r\000\040\000N\000a\000c\000h\000f\000o\000l\000g\000e\000r\000f\000u\000n\000k\000t\000i\000o\000n}{subsection.2.2.2}% 7
\BOOKMARK [1][-]{section.2.3}{\376\377\000K\000o\000n\000s\000t\000r\000u\000k\000t\000i\000o\000n\000\040\000d\000e\000r\000\040\000n\000a\000t\000\374\000r\000l\000i\000c\000h\000e\000n\000\040\000Z\000a\000h\000l\000e\000n}{chapter.2}% 8
\BOOKMARK [1][-]{section.2.4}{\376\377\000E\000i\000g\000e\000n\000s\000c\000h\000a\000f\000t\000e\000n\000\040\000d\000e\000r\000\040\000M\000e\000n\000g\000e\000\040\000d\000e\000r\000\040\000n\000a\000t\000\374\000r\000l\000i\000c\000h\000e\000n\000\040\000Z\000a\000h\000l\000e\000n}{chapter.2}% 9
\BOOKMARK [2][-]{subsection.2.4.1}{\376\377\000I\000n\000d\000u\000k\000t\000i\000v\000i\000t\000\344\000t\000\040\000d\000e\000r\000\040\000M\000e\000n\000g\000e\000\040\000d\000e\000r\000\040\000n\000a\000t\000\374\000r\000l\000i\000c\000h\000e\000n\000\040\000Z\000a\000h\000l\000e\000n}{section.2.4}% 10
\BOOKMARK [2][-]{subsection.2.4.2}{\376\377\000D\000i\000e\000\040\000N\000a\000c\000h\000f\000o\000l\000g\000e\000r\000f\000u\000n\000k\000t\000i\000o\000n}{section.2.4}% 11
\BOOKMARK [3][-]{section*.16}{\376\377\000M\000e\000n\000g\000e\000n\000-\000t\000h\000e\000o\000r\000e\000t\000i\000s\000c\000h\000e\000\040\000E\000i\000g\000e\000n\000s\000c\000h\000a\000f\000t\000e\000n\000\040\000d\000e\000r\000\040\000N\000a\000c\000h\000f\000o\000l\000g\000e\000r\000m\000e\000n\000g\000e}{subsection.2.4.2}% 12
\BOOKMARK [2][-]{subsection.2.4.3}{\376\377\000M\000i\000n\000i\000m\000a\000l\000i\000t\000\344\000t\000\040\000d\000e\000r\000\040\000M\000e\000n\000g\000e\000\040\000d\000e\000r\000\040\000n\000a\000t\000\374\000r\000l\000i\000c\000h\000e\000n\000\040\000Z\000a\000h\000l\000e\000n}{section.2.4}% 13
\BOOKMARK [1][-]{section.2.5}{\376\377\000H\000e\000r\000l\000e\000i\000t\000u\000n\000g\000\040\000d\000e\000r\000\040\000P\000e\000a\000n\000o\000-\000A\000x\000i\000o\000m\000e}{chapter.2}% 14
\BOOKMARK [2][-]{subsection.2.5.1}{\376\377\000D\000a\000s\000\040\000N\000u\000l\000l\000-\000A\000x\000i\000o\000m}{section.2.5}% 15
\BOOKMARK [2][-]{subsection.2.5.2}{\376\377\000N\000a\000c\000h\000f\000o\000l\000g\000e\000r\040\021\000A\000x\000i\000o\000m}{section.2.5}% 16
\BOOKMARK [2][-]{subsection.2.5.3}{\376\377\000K\000e\000i\000n\000\040\000V\000o\000r\000g\000\344\000n\000g\000e\000r\000\040\000v\000o\000n\000\040\000N\000u\000l\000l}{section.2.5}% 17
\BOOKMARK [2][-]{subsection.2.5.4}{\376\377\000I\000n\000j\000e\000k\000t\000i\000v\000i\000t\000\344\000t\000\040\000d\000e\000r\000\040\000N\000a\000c\000h\000f\000o\000l\000g\000e\000r\000f\000u\000n\000k\000t\000i\000o\000n}{section.2.5}% 18
\BOOKMARK [2][-]{subsection.2.5.5}{\376\377\000I\000n\000d\000u\000k\000t\000i\000o\000n\000s\000p\000r\000i\000n\000z\000i\000p}{section.2.5}% 19
\BOOKMARK [1][-]{section.2.6}{\376\377\000\334\000b\000e\000r\000g\000a\000n\000g\000\040\000z\000u\000r\000\040\000P\000e\000a\000n\000o\000-\000S\000c\000h\000r\000e\000i\000b\000w\000e\000i\000s\000e}{chapter.2}% 20
\BOOKMARK [0][-]{chapter.3}{\376\377\000P\000e\000a\000n\000o\000-\000A\000x\000i\000o\000m\000e}{}% 21
\BOOKMARK [0][-]{chapter.4}{\376\377\000N\000a\000t\000\374\000r\000l\000i\000c\000h\000e\000\040\000Z\000a\000h\000l\000e\000n\000\040\000a\000u\000s\000\040\000d\000e\000n\000\040\000P\000e\000a\000n\000o\000-\000A\000x\000i\000o\000m\000e\000n}{}% 22
\BOOKMARK [1][-]{section.4.1}{\376\377\000G\000r\000u\000n\000d\000l\000e\000g\000e\000n\000d\000e\000\040\000P\000e\000a\000n\000o\000-\000E\000i\000g\000e\000n\000s\000c\000h\000a\000f\000t\000e\000n\000\040\000d\000e\000r\000\040\000n\000a\000t\000\374\000r\000l\000i\000c\000h\000e\000n\000\040\000Z\000a\000h\000l\000e\000n}{chapter.4}% 23
\BOOKMARK [1][-]{section.4.2}{\376\377\000G\000r\000u\000n\000d\000l\000e\000g\000e\000n\000d\000e\000\040\000E\000i\000g\000e\000n\000s\000c\000h\000a\000f\000t\000e\000n\000\040\000v\000o\000n\000\040\000F\000u\000n\000k\000t\000i\000o\000n\000e\000n\000\040\000a\000u\000f\000\040\000u\000n\000d\000\040\000i\000n\000\040\000d\000i\000e\000\040\000n\000a\000t\000\374\000r\000l\000i\000c\000h\000e\000n\000\040\000Z\000a\000h\000l\000e\000n}{chapter.4}% 24
\BOOKMARK [2][-]{subsection.4.2.1}{\376\377\000F\000u\000n\000k\000t\000i\000o\000n\000e\000n\000\040\000v\000o\000n\000\040\000N}{section.4.2}% 25
\BOOKMARK [2][-]{subsection.4.2.2}{\376\377\000I\000n\000j\000e\000k\000t\000i\000v\000e\000\040\000F\000u\000n\000k\000t\000i\000o\000n\000e\000n\000\040\000v\000o\000n\000\040\000N}{section.4.2}% 26
\BOOKMARK [2][-]{subsection.4.2.3}{\376\377\000S\000u\000r\000j\000e\000k\000t\000i\000v\000e\000\040\000F\000u\000n\000k\000t\000i\000o\000n\000e\000n\000\040\000v\000o\000n\000\040\000N}{section.4.2}% 27
\BOOKMARK [2][-]{subsection.4.2.4}{\376\377\000B\000i\000j\000e\000k\000t\000i\000v\000e\000\040\000F\000u\000n\000k\000t\000i\000o\000n\000e\000n\000\040\000v\000o\000n\000\040\000N}{section.4.2}% 28
\BOOKMARK [2][-]{subsection.4.2.5}{\376\377\000P\000e\000a\000n\000o\000-\000V\000o\000r\000g\000a\000e\000n\000g\000e\000r\000f\000u\000n\000k\000t\000i\000o\000n}{section.4.2}% 29
\BOOKMARK [1][-]{section.4.3}{\376\377\000D\000e\000d\000e\000k\000i\000n\000d\000s\000c\000h\000e\000r\000\040\000R\000e\000k\000u\000r\000s\000i\000o\000n\000s\000s\000a\000t\000z}{chapter.4}% 30
\BOOKMARK [2][-]{section*.54}{\376\377\000H\000a\000u\000p\000t\000k\000o\000n\000s\000t\000r\000u\000k\000t\000i\000o\000n\000:\000\040\000R\000e\000k\000u\000r\000s\000i\000o\000n\000s\000a\000d\000m\000i\000s\000s\000i\000b\000l\000e\000\040\000M\000e\000n\000g\000e\000n\000\040\000u\000n\000d\000\040\000R\000e\000k\000u\000r\000s\000i\000o\000n\000s\000k\000e\000r\000n}{section.4.3}% 31
\BOOKMARK [3][-]{section*.83}{\376\377\000D\000a\000s\000\040\000S\000t\000u\000f\000e\000n\000l\000e\000m\000m\000a}{section*.54}% 32
\BOOKMARK [3][-]{section*.85}{\376\377\000D\000e\000r\000\040\000R\000e\000k\000u\000r\000s\000i\000o\000n\000s\000k\000e\000r\000n\000\040\000a\000l\000s\000\040\000F\000u\000n\000k\000t\000i\000o\000n}{section*.54}% 33
\BOOKMARK [3][-]{section*.93}{\376\377\000D\000e\000r\000\040\000D\000e\000d\000e\000k\000i\000n\000d\000s\000c\000h\000e\000\040\000R\000e\000k\000u\000r\000s\000i\000o\000n\000s\000s\000a\000t\000z}{section*.54}% 34
\BOOKMARK [3][-]{section*.96}{\376\377\000D\000i\000e\000\040\000R\000e\000k\000u\000r\000s\000i\000o\000n\000s\000a\000b\000b\000i\000l\000d\000u\000n\000g\000\040\000a\000l\000s\000\040\000b\000e\000n\000a\000n\000n\000t\000e\000s\000\040\000O\000b\000j\000e\000k\000t}{section*.54}% 35
\BOOKMARK [2][-]{subsection.4.3.1}{\376\377\000A\000n\000w\000e\000n\000d\000u\000n\000g\000:\000\040\000F\000o\000l\000g\000e\000n\000v\000e\000r\000s\000c\000h\000i\000e\000b\000u\000n\000g\000\040\000e\000n\000t\000l\000a\000n\000g\000\040\000e\000i\000n\000e\000r\000\040\000E\000i\000n\000b\000e\000t\000t\000u\000n\000g}{section.4.3}% 36
\BOOKMARK [3][-]{section*.118}{\376\377\000F\000u\000n\000k\000t\000i\000o\000n\000s\000