Building Bd. 37 - Endliche Halbgruppen.tex (console log: C:\Latex\Die-Grundlagen-der-Mathematik\tmp\build-all\_B37.console.log)
GoToR audit: registry/_B37.pdf -> 398 external links, 75 unique targets.
Reference audit passed: B37
Building Bd. 38 - Monoide.tex (console log: C:\Latex\Die-Grundlagen-der-Mathematik\tmp\build-all\_B38.console.log)
GoToR audit: registry/_B38.pdf -> 521 external links, 56 unique targets.
Reference audit passed: B38
Building Bd. 39 - Halbringe.tex (console log: C:\Latex\Die-Grundlagen-der-Mathematik\tmp\build-all\_B39.console.log)
GoToR audit: registry/_B39.pdf -> 265 external links, 49 unique targets.
Reference audit passed: B39
Building Bd. 40 - Gruppen und Ringe.tex (console log: C:\Latex\Die-Grundlagen-der-Mathematik\tmp\build-all\_B40.console.log)
GoToR audit: registry/_B40.pdf -> 963 external links, 105 unique targets.
Reference audit passed: B40
Building Bd. 41 - Endliche Gruppen.tex (console log: C:\Latex\Die-Grundlagen-der-Mathematik\tmp\build-all\_B41.console.log)
GoToR audit: registry/_B41.pdf -> 152 external links, 42 unique targets.
Reference audit passed: B41
Building Bd. 42 - Halbverbände und Verbände.tex (console log: C:\Latex\Die-Grundlagen-der-Mathematik\tmp\build-all\_B42.console.log)
GoToR audit: registry/_B42.pdf -> 610 external links, 61 unique targets.
Reference audit passed: B42
Building Bd. 43 - Frankls Vermutung.tex (console log: C:\Latex\Die-Grundlagen-der-Mathematik\tmp\build-all\_B43.console.log)
GoToR audit: registry/_B43.pdf -> 1609 external links, 163 unique targets.
Reference audit passed: B43
Building Bd. 44 - Metrische Räume und Vollständigkeit.tex (console log: C:\Latex\Die-Grundlagen-der-Mathematik\tmp\build-all\_B44.console.log)
GoToR audit: registry/_B44.pdf -> 25 external links, 19 unique targets.
Reference audit passed: B44
Build completed: B37 through B44
