Building Bd. 01 - Grundlagen der Logik.tex (console log: C:\Latex\Die-Grundlagen-der-Mathematik\tmp\build-all\_B01.console.log)
GoToR audit: registry/_B01.pdf -> 0 external links, 0 unique targets.
Reference audit passed: B01
Building Bd. 02 - Theoreme der Logik.tex (console log: C:\Latex\Die-Grundlagen-der-Mathematik\tmp\build-all\_B02.console.log)
GoToR audit: registry/_B02.pdf -> 1757 external links, 5 unique targets.
Reference audit passed: B02
Building Bd. 03 - Mengenlehre.tex (console log: C:\Latex\Die-Grundlagen-der-Mathematik\tmp\build-all\_B03.console.log)
GoToR audit: registry/_B03.pdf -> 1852 external links, 69 unique targets.
Reference audit passed: B03
Building Bd. 04 - Totale Relationen.tex (console log: C:\Latex\Die-Grundlagen-der-Mathematik\tmp\build-all\_B04.console.log)
GoToR audit: registry/_B04.pdf -> 65 external links, 17 unique targets.
Reference audit passed: B04
Building Bd. 05 - Funktionen.tex (console log: C:\Latex\Die-Grundlagen-der-Mathematik\tmp\build-all\_B05.console.log)
GoToR audit: registry/_B05.pdf -> 1234 external links, 76 unique targets.
Reference audit passed: B05
Building Bd. 06 - Injektive Funktionen.tex (console log: C:\Latex\Die-Grundlagen-der-Mathematik\tmp\build-all\_B06.console.log)
GoToR audit: registry/_B06.pdf -> 333 external links, 51 unique targets.
Reference audit passed: B06
Building Bd. 07 - Surjektive Funktionen.tex (console log: C:\Latex\Die-Grundlagen-der-Mathematik\tmp\build-all\_B07.console.log)
GoToR audit: registry/_B07.pdf -> 394 external links, 58 unique targets.
Reference audit passed: B07
Building Bd. 08 - Bijektive Funktionen.tex (console log: C:\Latex\Die-Grundlagen-der-Mathematik\tmp\build-all\_B08.console.log)
GoToR audit: registry/_B08.pdf -> 1340 external links, 122 unique targets.
Reference audit passed: B08
Building Bd. 09 - Auswahlprinzip.tex (console log: C:\Latex\Die-Grundlagen-der-Mathematik\tmp\build-all\_B09.console.log)
GoToR audit: registry/_B09.pdf -> 358 external links, 56 unique targets.
Reference audit passed: B09
Building Bd. 10 - Natürliche Zahlen.tex (console log: C:\Latex\Die-Grundlagen-der-Mathematik\tmp\build-all\_B10.console.log)
GoToR audit: registry/_B10.pdf -> 2929 external links, 126 unique targets.
Reference audit passed: B10
Building Bd. 11 - Äquivalenzrelationen.tex (console log: C:\Latex\Die-Grundlagen-der-Mathematik\tmp\build-all\_B11.console.log)
GoToR audit: registry/_B11.pdf -> 545 external links, 53 unique targets.
Reference audit passed: B11
Building Bd. 12 - Halbordnungen.tex (console log: C:\Latex\Die-Grundlagen-der-Mathematik\tmp\build-all\_B12.console.log)
GoToR audit: registry/_B12.pdf -> 108 external links, 9 unique targets.
Reference audit passed: B12
Building Bd. 13 - Schranken, Infima und Suprema.tex (console log: C:\Latex\Die-Grundlagen-der-Mathematik\tmp\build-all\_B13.console.log)
GoToR audit: registry/_B13.pdf -> 308 external links, 19 unique targets.
Reference audit passed: B13
Building Bd. 14 - Paarinfima und Paarsuprema.tex (console log: C:\Latex\Die-Grundlagen-der-Mathematik\tmp\build-all\_B14.console.log)
GoToR audit: registry/_B14.pdf -> 233 external links, 37 unique targets.
Reference audit passed: B14
Building Bd. 15 - Totale Ordnungen.tex (console log: C:\Latex\Die-Grundlagen-der-Mathematik\tmp\build-all\_B15.console.log)
GoToR audit: registry/_B15.pdf -> 430 external links, 40 unique targets.
Reference audit passed: B15
Building Bd. 16 - Wohlordnungen und Auswahlaxiom.tex (console log: C:\Latex\Die-Grundlagen-der-Mathematik\tmp\build-all\_B16.console.log)
GoToR audit: registry/_B16.pdf -> 126 external links, 31 unique targets.
Reference audit passed: B16
Building Bd. 17 - Ganze Zahlen.tex (console log: C:\Latex\Die-Grundlagen-der-Mathematik\tmp\build-all\_B17.console.log)
GoToR audit: registry/_B17.pdf -> 1374 external links, 68 unique targets.
Reference audit passed: B17
Building Bd. 18 - Rationale Zahlen.tex (console log: C:\Latex\Die-Grundlagen-der-Mathematik\tmp\build-all\_B18.console.log)
GoToR audit: registry/_B18.pdf -> 1114 external links, 73 unique targets.
Reference audit passed: B18
Building Bd. 19 - Reelle Zahlen.tex (console log: C:\Latex\Die-Grundlagen-der-Mathematik\tmp\build-all\_B19.console.log)
GoToR audit: registry/_B19.pdf -> 1625 external links, 147 unique targets.
Reference audit passed: B19
Building Bd. 20 - Endliche Mengen.tex (console log: C:\Latex\Die-Grundlagen-der-Mathematik\tmp\build-all\_B20.console.log)
GoToR audit: registry/_B20.pdf -> 1694 external links, 197 unique targets.
Reference audit passed: B20
Building Bd. 21 - Folgen.tex (console log: C:\Latex\Die-Grundlagen-der-Mathematik\tmp\build-all\_B21.console.log)
GoToR audit: registry/_B21.pdf -> 1374 external links, 121 unique targets.
Reference audit passed: B21
Building Bd. 22 - Gerichtete Graphen.tex (console log: C:\Latex\Die-Grundlagen-der-Mathematik\tmp\build-all\_B22.console.log)
GoToR audit: registry/_B22.pdf -> 177 external links, 24 unique targets.
Reference audit passed: B22
Building Bd. 23 - Ungerichtete Graphen.tex (console log: C:\Latex\Die-Grundlagen-der-Mathematik\tmp\build-all\_B23.console.log)
GoToR audit: registry/_B23.pdf -> 60 external links, 11 unique targets.
Reference audit passed: B23
Building Bd. 24 - Schlichte ungerichtete Graphen.tex (console log: C:\Latex\Die-Grundlagen-der-Mathematik\tmp\build-all\_B24.console.log)
GoToR audit: registry/_B24.pdf -> 28 external links, 9 unique targets.
Reference audit passed: B24
Building Bd. 25 - Zusammenhängende Graphen.tex (console log: C:\Latex\Die-Grundlagen-der-Mathematik\tmp\build-all\_B25.console.log)
GoToR audit: registry/_B25.pdf -> 12 external links, 5 unique targets.
Reference audit passed: B25
Building Bd. 26 - Bäume.tex (console log: C:\Latex\Die-Grundlagen-der-Mathematik\tmp\build-all\_B26.console.log)
GoToR audit: registry/_B26.pdf -> 1507 external links, 99 unique targets.
Reference audit passed: B26
Building Bd. 27 - Endliche Wörter und Klammerungsbäume.tex (console log: C:\Latex\Die-Grundlagen-der-Mathematik\tmp\build-all\_B27.console.log)
GoToR audit: registry/_B27.pdf -> 2410 external links, 163 unique targets.
Reference audit passed: B27
Building Bd. 28 - Halbgruppen.tex (console log: C:\Latex\Die-Grundlagen-der-Mathematik\tmp\build-all\_B28.console.log)
GoToR audit: registry/_B28.pdf -> 4055 external links, 163 unique targets.
Reference audit passed: B28
Building Bd. 29 - Kommutative Halbgruppen.tex (console log: C:\Latex\Die-Grundlagen-der-Mathematik\tmp\build-all\_B29.console.log)
GoToR audit: registry/_B29.pdf -> 33 external links, 12 unique targets.
Reference audit passed: B29
Building Bd. 30 - Idempotente Halbgruppen.tex (console log: C:\Latex\Die-Grundlagen-der-Mathematik\tmp\build-all\_B30.console.log)
GoToR audit: registry/_B30.pdf -> 4 external links, 4 unique targets.
Reference audit passed: B30
Building Bd. 31 - Rechtecksbänder.tex (console log: C:\Latex\Die-Grundlagen-der-Mathematik\tmp\build-all\_B31.console.log)
GoToR audit: registry/_B31.pdf -> 109 external links, 21 unique targets.
Reference audit passed: B31
Building Bd. 32 - Kommutative idempotente Halbgruppen.tex (console log: C:\Latex\Die-Grundlagen-der-Mathematik\tmp\build-all\_B32.console.log)
GoToR audit: registry/_B32.pdf -> 2 external links, 2 unique targets.
Reference audit passed: B32
Building Bd. 33 - Halbgruppen mit Nullelement.tex (console log: C:\Latex\Die-Grundlagen-der-Mathematik\tmp\build-all\_B33.console.log)
GoToR audit: registry/_B33.pdf -> 30 external links, 10 unique targets.
Reference audit passed: B33
Building Bd. 34 - Linkskürzbare Halbgruppen.tex (console log: C:\Latex\Die-Grundlagen-der-Mathematik\tmp\build-all\_B34.console.log)
GoToR audit: registry/_B34.pdf -> 6 external links, 3 unique targets.
Reference audit passed: B34
Building Bd. 35 - Rechtskürzbare Halbgruppen.tex (console log: C:\Latex\Die-Grundlagen-der-Mathematik\tmp\build-all\_B35.console.log)
GoToR audit: registry/_B35.pdf -> 26 external links, 8 unique targets.
Reference audit passed: B35
Building Bd. 36 - Kürzbare Halbgruppen.tex (console log: C:\Latex\Die-Grundlagen-der-Mathematik\tmp\build-all\_B36.console.log)
GoToR audit: registry/_B36.pdf -> 4 external links, 4 unique targets.
Reference audit passed: B36
Building Bd. 37 - Endliche Halbgruppen.tex (console log: C:\Latex\Die-Grundlagen-der-Mathematik\tmp\build-all\_B37.console.log)
Exception: C:\Latex\Die-Grundlagen-der-Mathematik\scripts\build-b03.ps1:397
Line |
 397 |          throw "$RelativePath contains failed or ambiguous lookups: $( …
     |          ~~~~~~~~~~~~~~~~~~~~~~~~~~~~~~~~~~~~~~~~~~~~~~~~~~~~~~~~~~~~~
     | registry/_B37.debug.log contains failed or ambiguous lookups: status: none, status: none, status: none, status:
     | none, status: none, status: none
