Building Bd. 00 - Überblick über die Bände.tex (console log: C:\Latex\Die-Grundlagen-der-Mathematik\tmp\build-all\_B00.console.log)
GoToR audit: registry/_B00.pdf -> 1183 external links, 1104 unique targets.
Reference audit passed: B00
Building main.tex (console log: C:\Latex\Die-Grundlagen-der-Mathematik\tmp\build-all\main.console.log)
GoToR audit: registry/_B00.pdf -> 1183 external links, 1104 unique targets.
Reference audit passed: B00
GoToR audit: main.pdf -> 0 external links, 0 unique targets.
Reference audit passed: main
Published: Bd. 00 - Überblick über die Bände.pdf
Published: Bd. 01 - Grundlagen der Logik.pdf
Published: Bd. 02 - Theoreme der Logik.pdf
Published: Bd. 03 - Mengenlehre.pdf
Published: Bd. 04 - Totale Relationen.pdf
Published: Bd. 05 - Funktionen.pdf
Published: Bd. 06 - Injektive Funktionen.pdf
Published: Bd. 07 - Surjektive Funktionen.pdf
Published: Bd. 08 - Bijektive Funktionen.pdf
Published: Bd. 09 - Auswahlprinzip.pdf
Published: Bd. 10 - Natürliche Zahlen.pdf
Published: Bd. 11 - Äquivalenzrelationen.pdf
Published: Bd. 12 - Halbordnungen.pdf
Published: Bd. 13 - Schranken, Infima und Suprema.pdf
Published: Bd. 14 - Paarinfima und Paarsuprema.pdf
Published: Bd. 15 - Totale Ordnungen.pdf
Published: Bd. 16 - Wohlordnungen und Auswahlaxiom.pdf
Published: Bd. 17 - Ganze Zahlen.pdf
Published: Bd. 18 - Rationale Zahlen.pdf
Published: Bd. 19 - Reelle Zahlen.pdf
Published: Bd. 20 - Endliche Mengen.pdf
Published: Bd. 21 - Folgen.pdf
Published: Bd. 22 - Gerichtete Graphen.pdf
Published: Bd. 23 - Ungerichtete Graphen.pdf
Published: Bd. 24 - Schlichte ungerichtete Graphen.pdf
Published: Bd. 25 - Zusammenhängende Graphen.pdf
Published: Bd. 26 - Bäume.pdf
Published: Bd. 27 - Endliche Wörter und Klammerungsbäume.pdf
Published: Bd. 28 - Halbgruppen.pdf
Published: Bd. 29 - Kommutative Halbgruppen.pdf
Published: Bd. 30 - Idempotente Halbgruppen.pdf
Published: Bd. 31 - Rechtecksbänder.pdf
Published: Bd. 32 - Kommutative idempotente Halbgruppen.pdf
Published: Bd. 33 - Halbgruppen mit Nullelement.pdf
Published: Bd. 34 - Linkskürzbare Halbgruppen.pdf
Published: Bd. 35 - Rechtskürzbare Halbgruppen.pdf
Published: Bd. 36 - Kürzbare Halbgruppen.pdf
Published: Bd. 37 - Endliche Halbgruppen.pdf
Published: Bd. 38 - Monoide.pdf
Published: Bd. 39 - Halbringe.pdf
Published: Bd. 40 - Gruppen und Ringe.pdf
Published: Bd. 41 - Endliche Gruppen.pdf
Published: Bd. 42 - Halbverbände und Verbände.pdf
Published: Bd. 43 - Frankls Vermutung.pdf
Published: Bd. 44 - Metrische Räume und Vollständigkeit.pdf
Published: Die Grundlagen der Mathematik - Gesamtband.pdf
PDF links passed: Bd. 00 - Überblick über die Bände.pdf (105 pages, 45 local links, 1183 external links)
PDF links passed: Bd. 01 - Grundlagen der Logik.pdf (32 pages, 56 local links, 0 external links)
PDF links passed: Bd. 02 - Theoreme der Logik.pdf (133 pages, 640 local links, 1757 external links)
PDF links passed: Bd. 03 - Mengenlehre.pdf (146 pages, 908 local links, 1852 external links)
PDF links passed: Bd. 04 - Totale Relationen.pdf (8 pages, 23 local links, 65 external links)
PDF links passed: Bd. 05 - Funktionen.pdf (79 pages, 370 local links, 1234 external links)
PDF links passed: Bd. 06 - Injektive Funktionen.pdf (27 pages, 124 local links, 333 external links)
PDF links passed: Bd. 07 - Surjektive Funktionen.pdf (31 pages, 112 local links, 394 external links)
PDF links passed: Bd. 08 - Bijektive Funktionen.pdf (82 pages, 377 local links, 1340 external links)
PDF links passed: Bd. 09 - Auswahlprinzip.pdf (22 pages, 46 local links, 358 external links)
PDF links passed: Bd. 10 - Natürliche Zahlen.pdf (219 pages, 1343 local links, 2929 external links)
PDF links passed: Bd. 11 - Äquivalenzrelationen.pdf (51 pages, 249 local links, 545 external links)
PDF links passed: Bd. 12 - Halbordnungen.pdf (14 pages, 49 local links, 108 external links)
PDF links passed: Bd. 13 - Schranken, Infima und Suprema.pdf (21 pages, 68 local links, 308 external links)
PDF links passed: Bd. 14 - Paarinfima und Paarsuprema.pdf (18 pages, 41 local links, 233 external links)
PDF links passed: Bd. 15 - Totale Ordnungen.pdf (23 pages, 73 local links, 430 external links)
PDF links passed: Bd. 16 - Wohlordnungen und Auswahlaxiom.pdf (14 pages, 37 local links, 126 external links)
PDF links passed: Bd. 17 - Ganze Zahlen.pdf (100 pages, 680 local links, 1374 external links)
PDF links passed: Bd. 18 - Rationale Zahlen.pdf (68 pages, 467 local links, 1114 external links)
PDF links passed: Bd. 19 - Reelle Zahlen.pdf (109 pages, 902 local links, 1625 external links)
PDF links passed: Bd. 20 - Endliche Mengen.pdf (119 pages, 465 local links, 1694 external links)
PDF links passed: Bd. 21 - Folgen.pdf (75 pages, 343 local links, 1374 external links)
PDF links passed: Bd. 22 - Gerichtete Graphen.pdf (21 pages, 58 local links, 177 external links)
PDF links passed: Bd. 23 - Ungerichtete Graphen.pdf (9 pages, 24 local links, 60 external links)
PDF links passed: Bd. 24 - Schlichte ungerichtete Graphen.pdf (6 pages, 10 local links, 28 external links)
PDF links passed: Bd. 25 - Zusammenhängende Graphen.pdf (5 pages, 5 local links, 12 external links)
PDF links passed: Bd. 26 - Bäume.pdf (76 pages, 202 local links, 1507 external links)
PDF links passed: Bd. 27 - Endliche Wörter und Klammerungsbäume.pdf (146 pages, 1000 local links, 2410 external links)
PDF links passed: Bd. 28 - Halbgruppen.pdf (255 pages, 1752 local links, 4055 external links)
PDF links passed: Bd. 29 - Kommutative Halbgruppen.pdf (9 pages, 12 local links, 33 external links)
PDF links passed: Bd. 30 - Idempotente Halbgruppen.pdf (6 pages, 6 local links, 4 external links)
PDF links passed: Bd. 31 - Rechtecksbänder.pdf (24 pages, 26 local links, 109 external links)
PDF links passed: Bd. 32 - Kommutative idempotente Halbgruppen.pdf (7 pages, 6 local links, 2 external links)
PDF links passed: Bd. 33 - Halbgruppen mit Nullelement.pdf (9 pages, 12 local links, 30 external links)
PDF links passed: Bd. 34 - Linkskürzbare Halbgruppen.pdf (7 pages, 8 local links, 6 external links)
PDF links passed: Bd. 35 - Rechtskürzbare Halbgruppen.pdf (8 pages, 13 local links, 26 external links)
PDF links passed: Bd. 36 - Kürzbare Halbgruppen.pdf (7 pages, 7 local links, 4 external links)
PDF links passed: Bd. 37 - Endliche Halbgruppen.pdf (62 pages, 90 local links, 398 external links)
PDF links passed: Bd. 38 - Monoide.pdf (40 pages, 165 local links, 521 external links)
PDF links passed: Bd. 39 - Halbringe.pdf (32 pages, 125 local links, 265 external links)
PDF links passed: Bd. 40 - Gruppen und Ringe.pdf (95 pages, 508 local links, 963 external links)
PDF links passed: Bd. 41 - Endliche Gruppen.pdf (14 pages, 14 local links, 152 external links)
PDF links passed: Bd. 42 - Halbverbände und Verbände.pdf (64 pages, 324 local links, 610 external links)
PDF links passed: Bd. 43 - Frankls Vermutung.pdf (93 pages, 379 local links, 1609 external links)
PDF links passed: Bd. 44 - Metrische Räume und Vollständigkeit.pdf (29 pages, 59 local links, 25 external links)
PDF links passed: Die Grundlagen der Mathematik - Gesamtband.pdf (2493 pages, 45651 local links, 0 external links)
PDF link audit passed: 46 files, 5013 pages, 57874 local links, 33382 external links.
Build completed: B00 through B00
