This is LuaHBTeX, Version 1.24.0 (MiKTeX 26.2)
 restricted system commands enabled.
("./Bd. 27 - Endliche Wörter und Klammerungsbäume.tex"
LaTeX2e <2025-11-01>
L3 programming layer <2026-03-20>

("C:/Users/Martin Kunze/AppData/Local/Programs/MiKTeX/tex/latex/subfiles/subfil
es.cls"
Document Class: subfiles 2020/11/14 v2.2 Multi-file projects (class)
Preamble taken from file `main.tex'

("C:/Users/Martin Kunze/AppData/Local/Programs/MiKTeX/tex/latex/import/import.s
ty") (./main.tex
("C:/Users/Martin Kunze/AppData/Local/Programs/MiKTeX/tex/latex/base/report.cls
"
Document Class: report 2025/01/22 v1.4n Standard LaTeX document class
("C:/Users/Martin Kunze/AppData/Local/Programs/MiKTeX/tex/latex/base/size11.clo
"))
("C:/Users/Martin Kunze/AppData/Local/Programs/MiKTeX/tex/generic/babel/babel.s
ty"
("C:/Users/Martin Kunze/AppData/Local/Programs/MiKTeX/tex/generic/babel/luababe
l.def")
("C:/Users/Martin Kunze/AppData/Local/Programs/MiKTeX/tex/generic/babel/luababe
l.def")
*************************************
* Local config file bblopts.cfg used
*

("C:/Users/Martin Kunze/AppData/Local/Programs/MiKTeX/tex/latex/arabi/bblopts.c
fg")
("C:/Users/Martin Kunze/AppData/Local/Programs/MiKTeX/tex/generic/babel/locale/
de/babel-german.tex")
("C:/Users/Martin Kunze/AppData/Local/Programs/MiKTeX/tex/latex/babel-german/ge
rman.ldf"
("C:/Users/Martin Kunze/AppData/Local/Programs/MiKTeX/tex/latex/babel-german/ba
bel-german.def"
("C:/Users/Martin Kunze/AppData/Local/Programs/MiKTeX/tex/generic/hyph-utf8/loa
dhyph/loadhyph-de-1901.tex"
UTF-8 German hyphenation patterns (traditional orthography)
("C:/Users/Martin Kunze/AppData/Local/Programs/MiKTeX/tex/generic/hyph-utf8/pat
terns/tex/hyph-de-1901.tex"
German Hyphenation Patterns (Traditional Orthography) `dehypht-x' 2024-02-28 (W
L))))))
("C:/Users/Martin Kunze/AppData/Local/Programs/MiKTeX/tex/latex/csquotes/csquot
es.sty"
("C:/Users/Martin Kunze/AppData/Local/Programs/MiKTeX/tex/latex/etoolbox/etoolb
ox.sty")
("C:/Users/Martin Kunze/AppData/Local/Programs/MiKTeX/tex/latex/graphics/keyval
.sty")
("C:/Users/Martin Kunze/AppData/Local/Programs/MiKTeX/tex/latex/csquotes/csquot
es.def")
("C:/Users/Martin Kunze/AppData/Local/Programs/MiKTeX/tex/latex/csquotes/csquot
es.cfg"))
("C:/Users/Martin Kunze/AppData/Local/Programs/MiKTeX/tex/latex/amsmath/amsmath
.sty"
For additional information on amsmath, use the `?' option.

("C:/Users/Martin Kunze/AppData/Local/Programs/MiKTeX/tex/latex/amsmath/amstext
.sty"
("C:/Users/Martin Kunze/AppData/Local/Programs/MiKTeX/tex/latex/amsmath/amsgen.
sty"))
("C:/Users/Martin Kunze/AppData/Local/Programs/MiKTeX/tex/latex/amsmath/amsbsy.
sty")
("C:/Users/Martin Kunze/AppData/Local/Programs/MiKTeX/tex/latex/amsmath/amsopn.
sty"))
("C:/Users/Martin Kunze/AppData/Local/Programs/MiKTeX/tex/latex/amsfonts/amssym
b.sty"
("C:/Users/Martin Kunze/AppData/Local/Programs/MiKTeX/tex/latex/amsfonts/amsfon
ts.sty"))
("C:/Users/Martin Kunze/AppData/Local/Programs/MiKTeX/tex/latex/hyperref/hyperr
ef.sty"
("C:/Users/Martin Kunze/AppData/Local/Programs/MiKTeX/tex/generic/iftex/iftex.s
ty")
("C:/Users/Martin Kunze/AppData/Local/Programs/MiKTeX/tex/latex/kvsetkeys/kvset
keys.sty")
("C:/Users/Martin Kunze/AppData/Local/Programs/MiKTeX/tex/generic/kvdefinekeys/
kvdefinekeys.sty")
("C:/Users/Martin Kunze/AppData/Local/Programs/MiKTeX/tex/generic/pdfescape/pdf
escape.sty"
("C:/Users/Martin Kunze/AppData/Local/Programs/MiKTeX/tex/generic/ltxcmds/ltxcm
ds.sty")
("C:/Users/Martin Kunze/AppData/Local/Programs/MiKTeX/tex/generic/pdftexcmds/pd
ftexcmds.sty"
("C:/Users/Martin Kunze/AppData/Local/Programs/MiKTeX/tex/generic/infwarerr/inf
warerr.sty")))
("C:/Users/Martin Kunze/AppData/Local/Programs/MiKTeX/tex/latex/hycolor/hycolor
.sty")
("C:/Users/Martin Kunze/AppData/Local/Programs/MiKTeX/tex/latex/hyperref/namere
f.sty"
("C:/Users/Martin Kunze/AppData/Local/Programs/MiKTeX/tex/latex/refcount/refcou
nt.sty")
("C:/Users/Martin Kunze/AppData/Local/Programs/MiKTeX/tex/generic/gettitlestrin
g/gettitlestring.sty"
("C:/Users/Martin Kunze/AppData/Local/Programs/MiKTeX/tex/latex/kvoptions/kvopt
ions.sty")))
("C:/Users/Martin Kunze/AppData/Local/Programs/MiKTeX/tex/generic/stringenc/str
ingenc.sty")
("C:/Users/Martin Kunze/AppData/Local/Programs/MiKTeX/tex/latex/hyperref/pd1enc
.def")
("C:/Users/Martin Kunze/AppData/Local/Programs/MiKTeX/tex/generic/intcalc/intca
lc.sty")
("C:/Users/Martin Kunze/AppData/Local/Programs/MiKTeX/tex/latex/hyperref/puenc.
def")
("C:/Users/Martin Kunze/AppData/Local/Programs/MiKTeX/tex/latex/url/url.sty")
("C:/Users/Martin Kunze/AppData/Local/Programs/MiKTeX/tex/generic/bitset/bitset
.sty"
("C:/Users/Martin Kunze/AppData/Local/Programs/MiKTeX/tex/generic/bigintcalc/bi
gintcalc.sty")))
("C:/Users/Martin Kunze/AppData/Local/Programs/MiKTeX/tex/latex/hyperref/hluate
x.def"
("C:/Users/Martin Kunze/AppData/Local/Programs/MiKTeX/tex/latex/rerunfilecheck/
rerunfilecheck.sty"
("C:/Users/Martin Kunze/AppData/Local/Programs/MiKTeX/tex/generic/uniquecounter
/uniquecounter.sty")))
("C:/Users/Martin Kunze/AppData/Local/Programs/MiKTeX/tex/latex/subfiles/subfil
es.sty")
("C:/Users/Martin Kunze/AppData/Local/Programs/MiKTeX/tex/latex/l3packages/xpar
se/xparse.sty"
("C:/Users/Martin Kunze/AppData/Local/Programs/MiKTeX/tex/latex/l3kernel/expl3.
sty"
("C:/Users/Martin Kunze/AppData/Local/Programs/MiKTeX/tex/latex/l3backend/l3bac
kend-luatex.def")))
("C:/Users/Martin Kunze/AppData/Local/Programs/MiKTeX/tex/latex/mathtools/matht
ools.sty"
("C:/Users/Martin Kunze/AppData/Local/Programs/MiKTeX/tex/latex/tools/calc.sty"
)
("C:/Users/Martin Kunze/AppData/Local/Programs/MiKTeX/tex/latex/mathtools/mhset
up.sty"))
("C:/Users/Martin Kunze/AppData/Local/Programs/MiKTeX/tex/latex/booktabs/bookta
bs.sty")
("C:/Users/Martin Kunze/AppData/Local/Programs/MiKTeX/tex/latex/tools/tabularx.
sty"
("C:/Users/Martin Kunze/AppData/Local/Programs/MiKTeX/tex/latex/tools/array.sty
"))
("C:/Users/Martin Kunze/AppData/Local/Programs/MiKTeX/tex/latex/makecell/makece
ll.sty")
("C:/Users/Martin Kunze/AppData/Local/Programs/MiKTeX/tex/latex/amscls/amsthm.s
ty")
("C:/Users/Martin Kunze/AppData/Local/Programs/MiKTeX/tex/latex/multirow/multir
ow.sty")
("C:/Users/Martin Kunze/AppData/Local/Programs/MiKTeX/tex/latex/microtype/micro
type.sty"
("C:/Users/Martin Kunze/AppData/Local/Programs/MiKTeX/tex/latex/microtype/micro
type-luatex.def")
("C:/Users/Martin Kunze/AppData/Local/Programs/MiKTeX/tex/latex/microtype/micro
type.cfg")) (./tex/impl/thmlookup.tex
("C:/Users/Martin Kunze/AppData/Local/Programs/MiKTeX/tex/lualatex/luacode/luac
ode.sty"
("C:/Users/Martin Kunze/AppData/Local/Programs/MiKTeX/tex/generic/iftex/ifluate
x.sty")
("C:/Users/Martin Kunze/AppData/Local/Programs/MiKTeX/tex/luatex/luatexbase/lua
texbase.sty"
("C:/Users/Martin Kunze/AppData/Local/Programs/MiKTeX/tex/luatex/ctablestack/ct
ablestack.sty")))) (./tex/impl/band-dependencies.tex
("C:/Users/Martin Kunze/AppData/Local/Programs/MiKTeX/tex/latex/hyperref/xr-hyp
er.sty")) (./tex/impl/formula-envs.tex
("C:/Users/Martin Kunze/AppData/Local/Programs/MiKTeX/tex/latex/tools/longtable
.sty") (./tex/impl/delta-context.tex)) (./tex/impl/proof-tables.tex)
(./tex/impl/commands.tex (./tex/impl/commands/logic.tex)
(./tex/impl/commands/rules.tex) (./tex/impl/commands/sets.tex)
(./tex/impl/commands/cardinality.tex) (./tex/impl/commands/relations.tex)
(./tex/impl/commands/algebra.tex) (./tex/impl/commands/functions.tex)
(./tex/impl/commands/graphs.tex) (./tex/impl/commands/words-trees.tex)
(./tex/impl/commands/numbers.tex) (./tex/impl/commands/analysis.tex)
(./tex/impl/commands/project.tex))))
("C:/Users/Martin Kunze/AppData/Local/Programs/MiKTeX/tex/generic/babel/locale/
de/babel-german.tex")

Package babel-german Warning: Hyphenation patterns `ngerman-x-latest', requeste
d by german, not available. Falling back to legacy! on input line 22.

(C:/Latex/Die-Grundlagen-der-Mathematik/registry/_B27.aux)
(C:/Latex/Die-Grundlagen-der-Mathematik/registry/_B27.out)
(C:/Latex/Die-Grundlagen-der-Mathematik/registry/_B27.out)
("C:/Users/Martin Kunze/AppData/Local/Programs/MiKTeX/tex/latex/graphics/graphi
cx.sty"
("C:/Users/Martin Kunze/AppData/Local/Programs/MiKTeX/tex/latex/graphics/graphi
cs.sty"
("C:/Users/Martin Kunze/AppData/Local/Programs/MiKTeX/tex/latex/graphics/trig.s
ty")
("C:/Users/Martin Kunze/AppData/Local/Programs/MiKTeX/tex/latex/graphics-cfg/gr
aphics.cfg")
("C:/Users/Martin Kunze/AppData/Local/Programs/MiKTeX/tex/latex/graphics-def/lu
atex.def"
("C:/Users/Martin Kunze/AppData/Local/Programs/MiKTeX/tex/context/base/mkii/sup
p-pdf.mkii"
[Loading MPS to PDF converter (version 2006.09.02).]
)))
("C:/Users/Martin Kunze/AppData/Local/Programs/MiKTeX/tex/latex/epstopdf-pkg/ep
stopdf-base.sty"
("C:/Users/Martin Kunze/AppData/Local/Programs/MiKTeX/tex/latex/00miktex/epstop
df-sys.cfg")))
("C:/Users/Martin Kunze/AppData/Local/Programs/MiKTeX/tex/latex/microtype/mt-La
tinModernRoman.cfg")
("C:/Users/Martin Kunze/AppData/Local/Programs/MiKTeX/tex/latex/microtype/mt-cm
r.cfg")
("C:/Users/Martin Kunze/AppData/Local/Programs/MiKTeX/tex/latex/amsfonts/umsa.f
d")
("C:/Users/Martin Kunze/AppData/Local/Programs/MiKTeX/tex/latex/microtype/mt-ms
a.cfg")
("C:/Users/Martin Kunze/AppData/Local/Programs/MiKTeX/tex/latex/amsfonts/umsb.f
d")
("C:/Users/Martin Kunze/AppData/Local/Programs/MiKTeX/tex/latex/microtype/mt-ms
b.cfg") [1{C:/Users/Martin Kunze/AppData/Local/MiKTeX/fonts/map/pdftex/pdftex.m
ap}] (C:/Latex/Die-Grundlagen-der-Mathematik/registry/_B27.toc) [1]
Kapitel 1.
[2] [3] [4] [5] [6]
Kapitel 2.
[7]

LaTeX Warning: Reference `thm:pp:27.2.1.4:1' on page 8 undefined on input line 
762.

 [8]

LaTeX Warning: Reference `thm:pp:27.2.1.4:2' on page 9 undefined on input line 
789.


LaTeX Warning: Reference `thm:pp:27.2.1.4:1' on page 9 undefined on input line 
1.


LaTeX Warning: Reference `thm:pp:27.2.1.4:2' on page 9 undefined on input line 
1.

[9] [10] [11] [12] [13] [14] [15] [16] [17]

LaTeX Warning: Reference `thm:pp:27.2.3.4:1' on page 18 undefined on input line
 1376.


LaTeX Warning: Reference `thm:pp:27.2.3.4:2' on page 18 undefined on input line
 1407.


LaTeX Warning: Reference `thm:pp:27.2.3.4:1' on page 18 undefined on input line
 1.

[18]

LaTeX Warning: Reference `thm:pp:27.2.3.5:1' on page 19 undefined on input line
 1457.


LaTeX Warning: Reference `thm:pp:27.2.3.5:2' on page 19 undefined on input line
 1487.


LaTeX Warning: Reference `thm:pp:27.2.3.5:1' on page 19 undefined on input line
 1.


LaTeX Warning: Reference `thm:pp:27.2.3.5:2' on page 19 undefined on input line
 1.

[19] [20] [21] [22]

LaTeX Warning: Reference `thm:pp:27.2.3.4:2' on page 23 undefined on input line
 1.

 [23] [24] [25] [26] [27]

LaTeX Warning: Reference `thm:pp:27.2.3.12(iv):1' on page 28 undefined on input
 line 2255.

 [28]

LaTeX Warning: Reference `thm:pp:27.2.3.12(iv):2' on page 29 undefined on input
 line 2326.

 [29]

LaTeX Warning: Reference `thm:pp:27.2.3.12(iv):3' on page 30 undefined on input
 line 2428.


LaTeX Warning: Reference `thm:pp:27.2.3.12:4' on page 30 undefined on input lin
e 2517.

[30]

LaTeX Warning: Reference `thm:pp:27.2.3.12(iv):1' on page 31 undefined on input
 line 1.


LaTeX Warning: Reference `thm:pp:27.2.3.12(iv):2' on page 31 undefined on input
 line 1.


LaTeX Warning: Reference `thm:pp:27.2.3.12(iv):3' on page 31 undefined on input
 line 1.

[31]

LaTeX Warning: Reference `thm:pp:27.2.4.2:1' on page 32 undefined on input line
 2688.

[32]

LaTeX Warning: Reference `thm:pp:27.2.4.2:2' on page 33 undefined on input line
 2711.


LaTeX Warning: Reference `thm:pp:27.2.4.2:1' on page 33 undefined on input line
 1.

 [33]

LaTeX Warning: Reference `thm:pp:27.2.4.5(i):1' on page 34 undefined on input l
ine 2833.

[34]

LaTeX Warning: Reference `thm:pp:27.2.4.5(i):2' on page 35 undefined on input l
ine 2915.

 [35]

LaTeX Warning: Reference `thm:pp:27.2.4.5(i):1' on page 36 undefined on input l
ine 1.


LaTeX Warning: Reference `thm:pp:27.2.4.5(i):2' on page 36 undefined on input l
ine 1.

 [36] [37]

LaTeX Warning: Reference `thm:pp:27.2.4.2:1' on page 38 undefined on input line
 1.


LaTeX Warning: Reference `thm:pp:27.2.4.2:2' on page 38 undefined on input line
 1.

 [38] [39] [40] [41] [42] [43] [44] [45] [46] [47] [48] [49] [50] [51] [52]
[53] [54] [55] [56]
Overfull \hbox (7.25995pt too wide) detected at line 4576
[][]
 [57] [58]
Overfull \hbox (3.8441pt too wide) in paragraph at lines 4791--4791
[]|$[][]$|  
[59] [60] [61] [62] [63]
Kapitel 3.
[64] [65] [66] [67] [68] [69] [70]

LaTeX Warning: Reference `thm:pp:27.3.2.2:1' on page 71 undefined on input line
 5546.


LaTeX Warning: Reference `thm:pp:27.3.2.2:2' on page 71 undefined on input line
 5576.

[71]

LaTeX Warning: Reference `thm:pp:27.3.2.2:1' on page 72 undefined on input line
 1.


LaTeX Warning: Reference `thm:pp:27.3.2.2:2' on page 72 undefined on input line
 1.

 [72] [73] [74] [75]

LaTeX Warning: Reference `thm:pp:27.3.2.11:1' on page 76 undefined on input lin
e 5984.

[76]

LaTeX Warning: Reference `thm:pp:27.3.2.11:2' on page 77 undefined on input lin
e 6027.


LaTeX Warning: Reference `thm:pp:27.3.2.11:1' on page 77 undefined on input lin
e 1.


LaTeX Warning: Reference `thm:pp:27.3.2.11:2' on page 77 undefined on input lin
e 1.

 [77] [78]

LaTeX Warning: Reference `thm:pp:27.3.2.13(i):1' on page 79 undefined on input 
line 6219.


LaTeX Warning: Reference `thm:pp:27.3.2.13(i):2' on page 79 undefined on input 
line 6252.

 [79]

LaTeX Warning: Reference `thm:pp:27.3.2.13(i):1' on page 80 undefined on input 
line 1.


LaTeX Warning: Reference `thm:pp:27.3.2.13(i):2' on page 80 undefined on input 
line 1.

 [80]

LaTeX Warning: Reference `thm:pp:27.3.2.13(ii):1' on page 81 undefined on input
 line 6428.


LaTeX Warning: Reference `thm:pp:27.3.2.13(ii):2' on page 81 undefined on input
 line 6462.


LaTeX Warning: Reference `thm:pp:27.3.2.13(ii):1' on page 81 undefined on input
 line 1.


LaTeX Warning: Reference `thm:pp:27.3.2.13(ii):2' on page 81 undefined on input
 line 1.

[81]

LaTeX Warning: Reference `thm:pp:27.3.3.1(ii):1' on page 82 undefined on input 
line 6604.

[82]

LaTeX Warning: Reference `thm:pp:27.3.3.1(ii):2' on page 83 undefined on input 
line 6645.

[83]

LaTeX Warning: Reference `thm:pp:27.3.3.1(ii):1' on page 84 undefined on input 
line 1.


LaTeX Warning: Reference `thm:pp:27.3.3.1(ii):2' on page 84 undefined on input 
line 1.

[84] [85]

LaTeX Warning: Reference `thm:pp:27.3.3.2(iii):1' on page 86 undefined on input
 line 6956.


LaTeX Warning: Reference `thm:pp:27.3.3.2(iii):2' on page 86 undefined on input
 line 7023.

[86]

LaTeX Warning: Reference `thm:pp:27.3.3.2(iii):1' on page 87 undefined on input
 line 1.


LaTeX Warning: Reference `thm:pp:27.3.3.2(iii):2' on page 87 undefined on input
 line 1.

 [87]

LaTeX Warning: Reference `thm:pp:27.3.3.2(iv):1' on page 88 undefined on input 
line 7181.


LaTeX Warning: Reference `thm:pp:27.3.3.2(iv):2' on page 88 undefined on input 
line 7247.

 [88]

LaTeX Warning: Reference `thm:pp:27.3.3.2(iv):1' on page 89 undefined on input 
line 1.


LaTeX Warning: Reference `thm:pp:27.3.3.2(iv):2' on page 89 undefined on input 
line 1.

 [89]

LaTeX Warning: Reference `thm:pp:27.3.3.2(v):1' on page 90 undefined on input l
ine 7459.

 [90]

LaTeX Warning: Reference `thm:pp:27.3.3.2(v):2' on page 91 undefined on input l
ine 7559.

 [91]

LaTeX Warning: Reference `thm:pp:27.3.3.2(v):1' on page 92 undefined on input l
ine 1.


LaTeX Warning: Reference `thm:pp:27.3.3.2(v):2' on page 92 undefined on input l
ine 1.

 [92]

LaTeX Warning: Reference `thm:pp:27.3.3.2(vi):1' on page 93 undefined on input 
line 7806.

[93]

LaTeX Warning: Reference `thm:pp:27.3.3.2(vi):2' on page 94 undefined on input 
line 7876.

 [94]

LaTeX Warning: Reference `thm:pp:27.3.3.2(vi):3' on page 95 undefined on input 
line 7967.


LaTeX Warning: Reference `thm:pp:27.3.3.2(vi):1' on page 95 undefined on input 
line 1.


LaTeX Warning: Reference `thm:pp:27.3.3.2(vi):4' on page 95 undefined on input 
line 8018.

[95]

LaTeX Warning: Reference `thm:pp:27.3.3.2(vi):2' on page 96 undefined on input 
line 1.


LaTeX Warning: Reference `thm:pp:27.3.3.2(vi):1' on page 96 undefined on input 
line 1.


LaTeX Warning: Reference `thm:pp:27.3.3.2(vi):2' on page 96 undefined on input 
line 1.


LaTeX Warning: Reference `thm:pp:27.3.3.2(vi):3' on page 96 undefined on input 
line 1.


LaTeX Warning: Reference `thm:pp:27.3.3.2(vi):4' on page 96 undefined on input 
line 1.

 [96] [97]

LaTeX Warning: Reference `thm:pp:27.3.3.3(i):1' on page 98 undefined on input l
ine 8233.


LaTeX Warning: Reference `thm:pp:27.3.3.3(i):2' on page 98 undefined on input l
ine 8284.

 [98]

LaTeX Warning: Reference `thm:pp:27.3.3.3(i):1' on page 99 undefined on input l
ine 1.


LaTeX Warning: Reference `thm:pp:27.3.3.3(i):2' on page 99 undefined on input l
ine 1.

 [99] [100] [101]

LaTeX Warning: Reference `thm:pp:27.3.3.3(x):1' on page 102 undefined on input 
line 8647.

 [102]

LaTeX Warning: Reference `thm:pp:27.3.3.3(x):2' on page 103 undefined on input 
line 8738.

 [103]

LaTeX Warning: Reference `thm:pp:27.3.3.3(x):1' on page 104 undefined on input 
line 1.


LaTeX Warning: Reference `thm:pp:27.3.3.3(x):2' on page 104 undefined on input 
line 1.

 [104] [105] [106] [107] [108]

LaTeX Warning: Reference `thm:pp:27.3.3.3(xix):1' on page 109 undefined on inpu
t line 9331.

 [109]

LaTeX Warning: Reference `thm:pp:27.3.3.3(xix):2' on page 110 undefined on inpu
t line 9414.

 [110]

LaTeX Warning: Reference `thm:pp:27.3.3.3(xix):1' on page 111 undefined on inpu
t line 1.


LaTeX Warning: Reference `thm:pp:27.3.3.3(xix):2' on page 111 undefined on inpu
t line 1.

 [111] [112] [113] [114] [115] [116]

LaTeX Warning: Reference `thm:pp:27.3.4.1:3' on page 117 undefined on input lin
e 10051.

 [117] [118] [119] [120] [121]
Overfull \hbox (14.24011pt too wide) in paragraph at lines 10366--10366
[]|$[][]$|  
 [122]

LaTeX Warning: Reference `thm:pp:27.3.4.1:3' on page 123 undefined on input lin
e 1.

[123] [124] [125] [126]

LaTeX Warning: Reference `thm:pp:27.3.4.9(ii):1' on page 127 undefined on input
 line 10736.

[127]

LaTeX Warning: Reference `thm:pp:27.3.4.9(ii):2' on page 128 undefined on input
 line 10795.


LaTeX Warning: Reference `thm:pp:27.3.4.9(ii):1' on page 128 undefined on input
 line 1.

 [128]

LaTeX Warning: Reference `thm:pp:27.3.4.9(ii):3' on page 129 undefined on input
 line 10853.


LaTeX Warning: Reference `thm:pp:27.3.4.9(ii):1' on page 129 undefined on input
 line 1.


LaTeX Warning: Reference `thm:pp:27.3.4.9(ii):2' on page 129 undefined on input
 line 1.


LaTeX Warning: Reference `thm:pp:27.3.4.9(ii):2' on page 129 undefined on input
 line 1.


LaTeX Warning: Reference `thm:pp:27.3.4.9(ii):4' on page 129 undefined on input
 line 10888.


LaTeX Warning: Reference `thm:pp:27.3.4.9(ii):1' on page 129 undefined on input
 line 1.


LaTeX Warning: Reference `thm:pp:27.3.4.9(ii):2' on page 129 undefined on input
 line 1.


LaTeX Warning: Reference `thm:pp:27.3.4.9(ii):3' on page 129 undefined on input
 line 1.


LaTeX Warning: Reference `thm:pp:27.3.4.9(ii):3' on page 129 undefined on input
 line 1.


LaTeX Warning: Reference `thm:pp:27.3.4.9(ii):3' on page 129 undefined on input
 line 1.

 [129]

LaTeX Warning: Reference `thm:pp:27.3.4.9(ii):4' on page 130 undefined on input
 line 1.


LaTeX Warning: Reference `thm:pp:27.3.4.9(ii):3' on page 130 undefined on input
 line 1.


LaTeX Warning: Reference `thm:pp:27.3.4.9(ii):3' on page 130 undefined on input
 line 1.


LaTeX Warning: Reference `thm:pp:27.3.4.9(ii):3' on page 130 undefined on input
 line 1.

 [130]
Overfull \hbox (3.03506pt too wide) detected at line 11090
\OML/cmm/m/it/10.95 R \OMS/cmsy/m/n/10.95 2 T  [] ` [][]

LaTeX Warning: Reference `thm:pp:27.3.4.10:1' on page 131 undefined on input li
ne 11094.


LaTeX Warning: Reference `thm:pp:27.3.4.10:2' on page 131 undefined on input li
ne 11120.

 [131]

LaTeX Warning: Reference `thm:pp:27.3.4.10:3' on page 132 undefined on input li
ne 11137.


LaTeX Warning: Reference `thm:pp:27.3.4.10:2' on page 132 undefined on input li
ne 1.

[132]
Kapitel 4.
 [133] [134] [135] [136]

LaTeX Warning: Reference `thm:pp:27.4.2.2:1' on page 137 undefined on input lin
e 11450.


LaTeX Warning: Reference `thm:pp:27.4.2.2:2' on page 137 undefined on input lin
e 11488.

[137]

LaTeX Warning: Reference `thm:pp:27.4.2.2:1' on page 138 undefined on input lin
e 1.


LaTeX Warning: Reference `thm:pp:27.4.2.2:2' on page 138 undefined on input lin
e 1.

[138] [139] [140] [141]
(C:/Latex/Die-Grundlagen-der-Mathematik/registry/_B27.aux)

LaTeX Warning: There were undefined references.


LaTeX Warning: Label(s) may have changed. Rerun to get cross-references right.

)
(see the transcript file for additional information)
 6471 words of node memory still in use:
   32 hlist, 5 vlist, 2 rule, 1 local_par, 4 math, 15 glue, 22 kern, 3 penalty,
 75 glyph, 1649 attribute, 64 glue_spec, 825 attribute_list, 1 write nodes
   avail lists: 1:8,2:10853,3:3359,4:186,5:1449,6:857,7:16702,8:88,9:7136,10:13
,11:690
<c:/users/martin kunze/appdata/local/programs/miktex/fonts/opentype/public/lm/l
mroman8-bold.otf><c:/users/martin kunze/appdata/local/programs/miktex/fonts/ope
ntype/public/lm/lmroman8-regular.otf><c:/users/martin kunze/appdata/local/progr
ams/miktex/fonts/opentype/public/lm/lmroman10-bolditalic.otf><c:/users/martin k
unze/appdata/local/programs/miktex/fonts/opentype/public/lm/lmroman9-italic.otf
><c:/users/martin kunze/appdata/local/programs/miktex/fonts/opentype/public/lm/
lmroman9-regular.otf><c:/users/martin kunze/appdata/local/programs/miktex/fonts
/opentype/public/lm/lmroman10-italic.otf><c:/users/martin kunze/appdata/local/p
rograms/miktex/fonts/opentype/public/lm/lmroman10-regular.otf><c:/users/martin 
kunze/appdata/local/programs/miktex/fonts/opentype/public/lm/lmroman10-bold.otf
><c:/users/martin kunze/appdata/local/programs/miktex/fonts/opentype/public/lm/
lmroman12-bold.otf><c:/users/martin kunze/appdata/local/programs/miktex/fonts/o
pentype/public/lm/lmroman12-regular.otf><c:/users/martin kunze/appdata/local/pr
ograms/miktex/fonts/opentype/public/lm/lmroman17-regular.otf><C:/Users/Martin K
unze/AppData/Local/Programs/MiKTeX/fonts/type1/public/amsfonts/cm/cmex10.pfb><C
:/Users/Martin Kunze/AppData/Local/Programs/MiKTeX/fonts/type1/public/amsfonts/
cmextra/cmex8.pfb><C:/Users/Martin Kunze/AppData/Local/Programs/MiKTeX/fonts/ty
pe1/public/amsfonts/cm/cmmi10.pfb><C:/Users/Martin Kunze/AppData/Local/Programs
/MiKTeX/fonts/type1/public/amsfonts/cm/cmmi5.pfb><C:/Users/Martin Kunze/AppData
/Local/Programs/MiKTeX/fonts/type1/public/amsfonts/cm/cmmi6.pfb><C:/Users/Marti
n Kunze/AppData/Local/Programs/MiKTeX/fonts/type1/public/amsfonts/cm/cmmi7.pfb>
<C:/Users/Martin Kunze/AppData/Local/Programs/MiKTeX/fonts/type1/public/amsfont
s/cm/cmmi8.pfb><C:/Users/Martin Kunze/AppData/Local/Programs/MiKTeX/fonts/type1
/public/amsfonts/cm/cmr10.pfb><C:/Users/Martin Kunze/AppData/Local/Programs/MiK
TeX/fonts/type1/public/amsfonts/cm/cmr5.pfb><C:/Users/Martin Kunze/AppData/Loca
l/Programs/MiKTeX/fonts/type1/public/amsfonts/cm/cmr6.pfb><C:/Users/Martin Kunz
e/AppData/Local/Programs/MiKTeX/fonts/type1/public/amsfonts/cm/cmr7.pfb><C:/Use
rs/Martin Kunze/AppData/Local/Programs/MiKTeX/fonts/type1/public/amsfonts/cm/cm
r8.pfb><C:/Users/Martin Kunze/AppData/Local/Programs/MiKTeX/fonts/type1/public/
amsfonts/cm/cmss10.pfb><C:/Users/Martin Kunze/AppData/Local/Programs/MiKTeX/fon
ts/type1/public/amsfonts/cm/cmss8.pfb><C:/Users/Martin Kunze/AppData/Local/Prog
rams/MiKTeX/fonts/type1/public/amsfonts/cm/cmsy10.pfb><C:/Users/Martin Kunze/Ap
pData/Local/Programs/MiKTeX/fonts/type1/public/amsfonts/cm/cmsy5.pfb><C:/Users/
Martin Kunze/AppData/Local/Programs/MiKTeX/fonts/type1/public/amsfonts/cm/cmsy6
.pfb><C:/Users/Martin Kunze/AppData/Local/Programs/MiKTeX/fonts/type1/public/am
sfonts/cm/cmsy7.pfb><C:/Users/Martin Kunze/AppData/Local/Programs/MiKTeX/fonts/
type1/public/amsfonts/cm/cmsy8.pfb><C:/Users/Martin Kunze/AppData/Local/Program
s/MiKTeX/fonts/type1/public/amsfonts/symbols/msam10.pfb><C:/Users/Martin Kunze/
AppData/Local/Programs/MiKTeX/fonts/type1/public/amsfonts/symbols/msam7.pfb><C:
/Users/Martin Kunze/AppData/Local/Programs/MiKTeX/fonts/type1/public/amsfonts/s
ymbols/msbm10.pfb><C:/Users/Martin Kunze/AppData/Local/Programs/MiKTeX/fonts/ty
pe1/public/amsfonts/symbols/msbm5.pfb><C:/Users/Martin Kunze/AppData/Local/Prog
rams/MiKTeX/fonts/type1/public/amsfonts/symbols/msbm7.pfb>
Output written on _B27.pdf (142 pages, 1560253 bytes).
Transcript written on _B27.log.
