\BOOKMARK [0][-]{chapter.1}{\376\377\000A\000u\000s\000s\000a\000g\000e\000n\000l\000o\000g\000i\000k\000\040\000u\000n\000d\000\040\000P\000r\000\344\000d\000i\000k\000a\000t\000e\000n\000l\000o\000g\000i\000k}{}% 1
\BOOKMARK [1][-]{section.1.1}{\376\377\000F\000o\000r\000m\000a\000l\000e\000\040\000S\000p\000r\000a\000c\000h\000e\000n\000\040\000u\000n\000d\000\040\000S\000y\000n\000t\000a\000x}{chapter.1}% 2
\BOOKMARK [1][-]{section.1.2}{\376\377\000A\000u\000s\000s\000a\000g\000e\000n\000\040\000u\000n\000d\000\040\000P\000r\000\344\000d\000i\000k\000a\000t\000e\000n\000l\000o\000g\000i\000k}{chapter.1}% 3
\BOOKMARK [2][-]{subsection.1.2.1}{\376\377\000N\000i\000c\000h\000t\000l\000o\000g\000i\000s\000c\000h\000e\000\040\000S\000y\000m\000b\000o\000l\000e}{section.1.2}% 4
\BOOKMARK [2][-]{subsection.1.2.2}{\376\377\000L\000o\000g\000i\000s\000c\000h\000e\000\040\000S\000y\000m\000b\000o\000l\000e}{section.1.2}% 5
\BOOKMARK [2][-]{subsection.1.2.3}{\376\377\000T\000e\000r\000m\000e}{section.1.2}% 6
\BOOKMARK [2][-]{subsection.1.2.4}{\376\377\000A\000u\000s\000s\000a\000g\000e\000n\000\040\000d\000e\000r\000\040\000L\000o\000g\000i\000k}{section.1.2}% 7
\BOOKMARK [0][-]{chapter.2}{\376\377\000B\000e\000w\000e\000i\000s\000t\000h\000e\000o\000r\000i\000e}{}% 8
\BOOKMARK [1][-]{section.2.1}{\376\377\000E\000i\000n\000l\000e\000i\000t\000u\000n\000g\000\040\000z\000u\000r\000\040\000B\000e\000w\000e\000i\000s\000t\000h\000e\000o\000r\000i\000e}{chapter.2}% 9
\BOOKMARK [1][-]{section.2.2}{\376\377\000F\000o\000r\000m\000a\000l\000e\000\040\000S\000p\000r\000a\000c\000h\000e\000\040\000u\000n\000d\000\040\000N\000o\000t\000a\000t\000i\000o\000n}{chapter.2}% 10
\BOOKMARK [1][-]{section.2.3}{\376\377\000G\000r\000u\000n\000d\000b\000e\000g\000r\000i\000f\000f\000e\000:\000\040\000K\000a\000l\000k\000\374\000l\000,\000\040\000B\000e\000w\000e\000i\000s\000\040\000u\000n\000d\000\040\000A\000r\000g\000u\000m\000e\000n\000t}{chapter.2}% 11
\BOOKMARK [1][-]{section.2.4}{\376\377\000K\000a\000l\000k\000\374\000l\000\040\000d\000e\000s\000\040\000n\000a\000t\000\374\000r\000l\000i\000c\000h\000e\000n\000\040\000S\000c\000h\000l\000i\000e\000\337\000e\000n\000s}{chapter.2}% 12
\BOOKMARK [2][-]{subsection.2.4.1}{\376\377\000E\000i\000n\000f\000\374\000h\000r\000u\000n\000g}{section.2.4}% 13
\BOOKMARK [2][-]{subsection.2.4.2}{\376\377\000T\000a\000b\000e\000l\000l\000a\000r\000i\000s\000c\000h\000e\000\040\000B\000e\000w\000e\000i\000s\000d\000a\000r\000s\000t\000e\000l\000l\000u\000n\000g\000\040\000n\000a\000c\000h\000\040\000L\000e\000m\000m\000o\000n}{section.2.4}% 14
\BOOKMARK [2][-]{subsection.2.4.3}{\376\377\000M\000e\000t\000a\000l\000o\000g\000i\000s\000c\000h\000e\000\040\000K\000u\000r\000z\000n\000o\000t\000a\000t\000i\000o\000n}{section.2.4}% 15
\BOOKMARK [2][-]{subsection.2.4.4}{\376\377\000A\000b\000s\000t\000r\000a\000k\000t\000e\000\040\000S\000c\000h\000r\000e\000i\000b\000w\000e\000i\000s\000e\000\040\000f\000\374\000r\000\040\000S\000c\000h\000l\000u\000s\000s\000r\000e\000g\000e\000l\000n}{section.2.4}% 16
\BOOKMARK [2][-]{subsection.2.4.5}{\376\377\000R\000e\000g\000e\000l\000s\000c\000h\000e\000m\000a\000t\000a\000\040\000u\000n\000d\000\040\000i\000h\000r\000e\000\040\000t\000a\000b\000e\000l\000l\000a\000r\000i\000s\000c\000h\000e\000\040\000G\000e\000s\000t\000a\000l\000t}{section.2.4}% 17
\BOOKMARK [1][-]{section.2.5}{\376\377\000S\000\344\000t\000z\000e\000,\000\040\000A\000x\000i\000o\000m\000e\000\040\000u\000n\000d\000\040\000D\000e\000f\000i\000n\000i\000t\000i\000o\000n\000e\000n}{chapter.2}% 18
\BOOKMARK [1][-]{section.2.6}{\376\377\000A\000r\000t\000e\000n\000\040\000v\000o\000n\000\040\000D\000e\000f\000i\000n\000i\000t\000i\000o\000n\000e\000n}{chapter.2}% 19
\BOOKMARK [2][-]{subsection.2.6.1}{\376\377\000F\000r\000\374\000h\000\040\000v\000e\000r\000w\000e\000n\000d\000e\000t\000e\000\040\000m\000e\000t\000a\000s\000p\000r\000a\000c\000h\000l\000i\000c\000h\000e\000\040\000Q\000u\000a\000n\000t\000o\000r\000n\000o\000t\000a\000t\000i\000o\000n}{section.2.6}% 20
\BOOKMARK [2][-]{subsection.2.6.2}{\376\377\000E\000x\000p\000l\000i\000z\000i\000t\000e\000\040\000D\000e\000f\000i\000n\000i\000t\000i\000o\000n\000e\000n}{section.2.6}% 21
\BOOKMARK [2][-]{subsection.2.6.3}{\376\377\000P\000a\000r\000t\000i\000e\000l\000l\000e\000\040\000D\000e\000f\000i\000n\000i\000t\000i\000o\000n\000e\000n}{section.2.6}% 22
\BOOKMARK [2][-]{subsection.2.6.4}{\376\377\000I\000m\000p\000l\000i\000z\000i\000t\000e\000\040\000D\000e\000f\000i\000n\000i\000t\000i\000o\000n\000e\000n}{section.2.6}% 23
\BOOKMARK [2][-]{subsection.2.6.5}{\376\377\000D\000a\000s\000\040\000I\000o\000t\000a\000-\000S\000y\000m\000b\000o\000l\000\040\000u\000n\000d\000\040\000I\000o\000t\000a\000-\000D\000e\000f\000i\000n\000i\000t\000i\000o\000n\000e\000n}{section.2.6}% 24
\BOOKMARK [2][-]{subsection.2.6.6}{\376\377\000S\000c\000h\000e\000m\000a\000t\000i\000s\000c\000h\000e\000\040\000S\000c\000h\000r\000e\000i\000b\000w\000e\000i\000s\000e\000\040\000m\000i\000t\000\040\000P\000a\000r\000a\000m\000e\000t\000e\000r\000n}{section.2.6}% 25
\BOOKMARK [1][-]{section.2.7}{\376\377\000\334\000b\000e\000r\000s\000i\000c\000h\000t\000\040\000\374\000b\000e\000r\000\040\000d\000i\000e\000\040\000e\000l\000e\000m\000e\000n\000t\000a\000r\000e\000n\000\040\000S\000c\000h\000l\000u\000s\000s\000r\000e\000g\000e\000l\000n}{chapter.2}% 26
\BOOKMARK [2][-]{subsection.2.7.1}{\376\377\000W\000e\000i\000t\000e\000r\000e\000\040\000\050\000a\000b\000g\000e\000l\000e\000i\000t\000e\000t\000e\000\051\000\040\000S\000c\000h\000l\000u\000s\000s\000r\000e\000g\000e\000l\000n}{section.2.7}% 27
\BOOKMARK [1][-]{section.2.8}{\376\377\000M\000e\000t\000a\000n\000o\000t\000a\000t\000i\000o\000n\000\040\000u\000n\000d\000\040\000M\000e\000t\000a\000r\000e\000g\000e\000l\000n}{chapter.2}% 28
\BOOKMARK [2][-]{subsection.2.8.1}{\376\377\000W\000a\000s\000\040\000i\000s\000t\000\040\000e\000i\000n\000e\000\040\000M\000e\000t\000a\000d\000e\000f\000i\000n\000i\000t\000i\000o\000n\000?}{section.2.8}% 29
\BOOKMARK [2][-]{subsection.2.8.2}{\376\377\000M\000e\000t\000a\000-\000N\000o\000t\000a\000t\000i\000o\000n\000\040\000f\000\374\000r\000\040\000d\000a\000s\000\040\000N\000i\000c\000h\000t\000-\000G\000l\000e\000i\000c\000h\000h\000e\000i\000t\000s\000z\000e\000i\000c\000h\000e\000n}{section.2.8}% 30
\BOOKMARK [2][-]{subsection.2.8.3}{\376\377\000M\000e\000t\000a\000-\000R\000e\000g\000e\000l\000n\000\040\000u\000n\000d\000\040\000i\000h\000r\000e\000\040\000A\000n\000w\000e\000n\000d\000u\000n\000g}{section.2.8}% 31
\BOOKMARK [2][-]{subsection.2.8.4}{\376\377\000M\000e\000t\000a\000-\000R\000e\000g\000e\000l\000:\000\040\000E\000r\000s\000e\000t\000z\000u\000n\000g\000\040\000\344\000q\000u\000i\000v\000a\000l\000e\000n\000t\000e\000r\000\040\000T\000e\000i\000l\000a\000u\000s\000d\000r\000\374\000c\000k\000e}{section.2.8}% 32
\BOOKMARK [2][-]{subsection.2.8.5}{\376\377\000M\000e\000t\000a\000-\000R\000e\000g\000e\000l\000:\000\040\000K\000e\000t\000t\000e\000n\000s\000c\000h\000r\000e\000i\000b\000w\000e\000i\000s\000e\000\040\000f\000\374\000r\000\040\000t\000r\000a\000n\000s\000i\000t\000i\000v\000e\000\040\000R\000e\000l\000a\000t\000i\000o\000n\000e\000n}{section.2.8}% 33
