START B08 2026-09-07T17:26:43
Building Bd. 08 - Bijektive Funktionen.tex (console log: C:\Latex\Die-Grundlagen-der-Mathematik\tmp\build-all\_B08.console.log)
GoToR audit: registry/_B08.pdf -> 1496 external links, 118 unique targets.
Reference audit passed: B08
Build completed: B08 through B08
DONE B08 2026-09-07T17:27:24
START B09 2026-09-07T17:27:24
Building Bd. 09 - Auswahlprinzip.tex (console log: C:\Latex\Die-Grundlagen-der-Mathematik\tmp\build-all\_B09.console.log)
GoToR audit: registry/_B09.pdf -> 358 external links, 56 unique targets.
Reference audit passed: B09
Build completed: B09 through B09
DONE B09 2026-09-07T17:27:37
START B10 2026-09-07T17:27:37
Building Bd. 10 - Natürliche Zahlen.tex (console log: C:\Latex\Die-Grundlagen-der-Mathematik\tmp\build-all\_B10.console.log)
GoToR audit: registry/_B10.pdf -> 2929 external links, 126 unique targets.
Reference audit passed: B10
Build completed: B10 through B10
DONE B10 2026-09-07T17:28:57
START B11 2026-09-07T17:28:57
Building Bd. 11 - Äquivalenzrelationen.tex (console log: C:\Latex\Die-Grundlagen-der-Mathematik\tmp\build-all\_B11.console.log)
GoToR audit: registry/_B11.pdf -> 545 external links, 53 unique targets.
Reference audit passed: B11
Build completed: B11 through B11
DONE B11 2026-09-07T17:29:22
START B20 2026-09-07T17:29:22
Building Bd. 20 - Endliche Mengen.tex (console log: C:\Latex\Die-Grundlagen-der-Mathematik\tmp\build-all\_B20.console.log)
GoToR audit: registry/_B20.pdf -> 1694 external links, 197 unique targets.
Reference audit passed: B20
Build completed: B20 through B20
DONE B20 2026-09-07T17:30:11
START B21 2026-09-07T17:30:11
Building Bd. 21 - Folgen.tex (console log: C:\Latex\Die-Grundlagen-der-Mathematik\tmp\build-all\_B21.console.log)
GoToR audit: registry/_B21.pdf -> 1374 external links, 121 unique targets.
Reference audit passed: B21
Build completed: B21 through B21
DONE B21 2026-09-07T17:30:48
START B28 2026-09-07T17:30:48
Building Bd. 28 - Halbgruppen.tex (console log: C:\Latex\Die-Grundlagen-der-Mathematik\tmp\build-all\_B28.console.log)
GoToR audit: registry/_B28.pdf -> 4073 external links, 163 unique targets.
Reference audit passed: B28
Build completed: B28 through B28
DONE B28 2026-09-07T17:32:33
START B37 2026-09-07T17:32:33
Building Bd. 37 - Endliche Halbgruppen.tex (console log: C:\Latex\Die-Grundlagen-der-Mathematik\tmp\build-all\_B37.console.log)
GoToR audit: registry/_B37.pdf -> 398 external links, 75 unique targets.
Reference audit passed: B37
Build completed: B37 through B37
DONE B37 2026-09-07T17:33:00
START B43 2026-09-07T17:33:00
Building Bd. 43 - Frankls Vermutung.tex (console log: C:\Latex\Die-Grundlagen-der-Mathematik\tmp\build-all\_B43.console.log)
GoToR audit: registry/_B43.pdf -> 1609 external links, 163 unique targets.
Reference audit passed: B43
Build completed: B43 through B43
DONE B43 2026-09-07T17:33:47
AFFECTED_STANDALONE_COMPLETE 2026-09-07T17:33:47
