\BOOKMARK [0][-]{chapter.1}{\376\377\000E\000i\000n\000l\000e\000i\000t\000u\000n\000g}{}% 1
\BOOKMARK [0][-]{chapter.2}{\376\377\000K\000o\000n\000s\000t\000r\000u\000k\000t\000i\000o\000n\000\040\000d\000e\000r\000\040\000g\000a\000n\000z\000e\000n\000\040\000Z\000a\000h\000l\000e\000n}{}% 2
\BOOKMARK [1][-]{section.2.1}{\376\377\000D\000i\000f\000f\000e\000r\000e\000n\000z\000e\000n\000p\000a\000a\000r\000e}{chapter.2}% 3
\BOOKMARK [1][-]{section.2.2}{\376\377\000Q\000u\000o\000t\000i\000e\000n\000t\000\040\000u\000n\000d\000\040\000K\000l\000a\000s\000s\000e\000n}{chapter.2}% 4
\BOOKMARK [1][-]{section.2.3}{\376\377\000E\000i\000n\000b\000e\000t\000t\000u\000n\000g\000\040\000d\000e\000r\000\040\000n\000a\000t\000\374\000r\000l\000i\000c\000h\000e\000n\000\040\000Z\000a\000h\000l\000e\000n}{chapter.2}% 5
\BOOKMARK [1][-]{section.2.4}{\376\377\000N\000e\000g\000a\000t\000i\000o\000n\000\040\000u\000n\000d\000\040\000A\000d\000d\000i\000t\000i\000o\000n}{chapter.2}% 6
\BOOKMARK [2][-]{subsection.2.4.1}{\376\377\000N\000e\000g\000a\000t\000i\000o\000n}{section.2.4}% 7
\BOOKMARK [2][-]{subsection.2.4.2}{\376\377\000A\000d\000d\000i\000t\000i\000o\000n}{section.2.4}% 8
\BOOKMARK [1][-]{section.2.5}{\376\377\000M\000u\000l\000t\000i\000p\000l\000i\000k\000a\000t\000i\000o\000n}{chapter.2}% 9
\BOOKMARK [1][-]{section.2.6}{\376\377\000V\000e\000r\000t\000r\000\344\000g\000l\000i\000c\000h\000k\000e\000i\000t\000\040\000d\000e\000r\000\040\000E\000i\000n\000b\000e\000t\000t\000u\000n\000g\000\040\000m\000i\000t\000\040\000d\000e\000r\000\040\000A\000r\000i\000t\000h\000m\000e\000t\000i\000k}{chapter.2}% 10
\BOOKMARK [1][-]{section.2.7}{\376\377\000A\000x\000i\000o\000m\000a\000t\000i\000s\000c\000h\000e\000\040\000S\000c\000h\000n\000i\000t\000t\000s\000t\000e\000l\000l\000e\000\040\000d\000e\000r\000\040\000G\000a\000n\000z\000z\000a\000h\000l\000a\000r\000i\000t\000h\000m\000e\000t\000i\000k}{chapter.2}% 11
\BOOKMARK [0][-]{chapter.3}{\376\377\000N\000a\000c\000h\000f\000o\000l\000g\000e\000r\000,\000\040\000V\000o\000r\000g\000\344\000n\000g\000e\000r\000\040\000u\000n\000d\000\040\000N\000o\000r\000m\000a\000l\000f\000o\000r\000m\000e\000n}{}% 12
\BOOKMARK [1][-]{section.3.1}{\376\377\000N\000a\000c\000h\000f\000o\000l\000g\000e\000r\000\040\000u\000n\000d\000\040\000V\000o\000r\000g\000\344\000n\000g\000e\000r}{chapter.3}% 13
\BOOKMARK [1][-]{section.3.2}{\376\377\000N\000o\000r\000m\000a\000l\000f\000o\000r\000m\000e\000n}{chapter.3}% 14
\BOOKMARK [0][-]{chapter.4}{\376\377\000O\000r\000d\000n\000u\000n\000g\000\040\000d\000e\000r\000\040\000g\000a\000n\000z\000e\000n\000\040\000Z\000a\000h\000l\000e\000n}{}% 15
\BOOKMARK [1][-]{section.4.1}{\376\377\000T\000r\000a\000n\000s\000l\000a\000t\000i\000o\000n\000s\000i\000n\000v\000a\000r\000i\000a\000n\000z\000\040\000d\000e\000r\000\040\000n\000a\000t\000\374\000r\000l\000i\000c\000h\000e\000n\000\040\000O\000r\000d\000n\000u\000n\000g}{chapter.4}% 16
\BOOKMARK [1][-]{section.4.2}{\376\377\000Q\000u\000o\000t\000i\000e\000n\000t\000e\000n\000o\000r\000d\000n\000u\000n\000g}{chapter.4}% 17
\BOOKMARK [1][-]{section.4.3}{\376\377\000P\000o\000s\000i\000t\000i\000v\000e\000\040\000g\000a\000n\000z\000e\000\040\000Z\000a\000h\000l\000e\000n\000\040\000u\000n\000d\000\040\000K\000\374\000r\000z\000u\000n\000g\000s\000l\000e\000m\000m\000a\000t\000a}{chapter.4}% 18
\BOOKMARK [1][-]{section.4.4}{\376\377\000N\000a\000c\000h\000f\000o\000l\000g\000e\000r\000\040\000u\000n\000d\000\040\000D\000i\000s\000k\000r\000e\000t\000h\000e\000i\000t\000\040\000d\000e\000r\000\040\000G\000a\000n\000z\000z\000a\000h\000l\000o\000r\000d\000n\000u\000n\000g}{chapter.4}% 19
\BOOKMARK [2][-]{subsection.4.4.1}{\376\377\000G\000a\000n\000z\000z\000a\000h\000l\000s\000c\000h\000r\000a\000n\000k\000e\000n\000\040\000m\000i\000t\000\040\000p\000o\000s\000i\000t\000i\000v\000e\000n\000\040\000F\000a\000k\000t\000o\000r\000e\000n}{section.4.4}% 20
\BOOKMARK [0][-]{chapter.5}{\376\377\000E\000r\000w\000e\000i\000t\000e\000r\000t\000e\000\040\000P\000e\000a\000n\000o\000-\000A\000x\000i\000o\000m\000e\000\040\000d\000e\000r\000\040\000g\000a\000n\000z\000e\000n\000\040\000Z\000a\000h\000l\000e\000n}{}% 21
\BOOKMARK [1][-]{section.5.1}{\376\377\000H\000e\000r\000l\000e\000i\000t\000u\000n\000g\000\040\000d\000e\000r\000\040\000z\000w\000e\000i\000s\000e\000i\000t\000i\000g\000e\000n\000\040\000I\000n\000d\000u\000k\000t\000i\000o\000n}{chapter.5}% 22
\BOOKMARK [1][-]{section.5.2}{\376\377\000A\000x\000i\000o\000m\000a\000t\000i\000s\000c\000h\000e\000\040\000Z\000u\000s\000a\000m\000m\000e\000n\000f\000a\000s\000s\000u\000n\000g}{chapter.5}% 23
