[QUERY]
raw:   x\in \powerset (A)\eqvdash x\subseteq A
canon: V1 in powerset ( V2 ) eqvdash V1 subseteq V2
key:   am859b1a77e1bcca10251363f592869d38
status: none
candidates:

[QUERY]
raw:   x\in A\vdash A\neq \varnothing 
canon: V1 in V2 vdash V2 neq varnothing
key:   amb787bb155c1d9c1a9aec080b4ad38ae0
status: none
candidates:

[QUERY]
raw:   x\in A\dsep x\not \in B\vdash A\neq B
canon: V1 in V2 , V1 not in V3 vdash V2 neq V3
key:   am7d791ff6b42351369037aa4d95940a6b
status: none
candidates:

[QUERY]
raw:   x\in A\setminus B\eqvdash x\in A\land x\notin B
canon: V1 in V2 setminus V3 eqvdash V1 in V2 land V1 notin V3
key:   am06e012ff293fec64e71099e8ad3d0251
status: none
candidates:

[QUERY]
raw:   x\in A\setminus B\eqvdash x\in A\land x\notin B
canon: V1 in V2 setminus V3 eqvdash V1 in V2 land V1 notin V3
key:   am06e012ff293fec64e71099e8ad3d0251
status: none
candidates:

[QUERY]
raw:   \neg (P\lor Q)\eqvdash \neg P\land \neg Q
canon: neg ( V1 lor V2 ) eqvdash neg V1 land neg V2
key:   am4cf763dd11a20795789f6bd55837e906
status: none
candidates:

[QUERY]
raw:   A\subseteq A
canon: V1 subseteq V1
key:   amd81b83ca16b46ebea5c932913054dbfd
status: none
candidates:

[QUERY]
raw:   A\subseteq B\dsep B\subseteq C\vdash A\subseteq C
canon: V1 subseteq V2 , V2 subseteq V3 vdash V1 subseteq V3
key:   am337fbe6d32525096b8b554d655a0837e
status: none
candidates:

[QUERY]
raw:   A\subseteq B\dsep B\subseteq A\vdash A=B
canon: V1 subseteq V2 , V2 subseteq V1 vdash V1 = V2
key:   amb4f50414f3d8de7f9b4ba7706a49ad86
status: none
candidates:

[QUERY]
raw:   Partielle Ordnung
canon: Partielle Ordnung
key:   ame1cdc5f5c476cf41a1cc54b0b36f393f
status: none
candidates:

[QUERY]
raw:   Totale Ordnung
canon: Totale Ordnung
key:   am3465a64a83aa09d72e2c6ed359c98f06
status: none
candidates:

[QUERY]
raw:   A\subseteq B\coloneq \forall x(x\in A\rightarrow x\in B)
canon: V1 subseteq V2 coloneq forall V3 ( V3 in V1 to V3 in V2 )
key:   amc8e82493d15391baabb53d15b469c6bb
status: none
candidates:

[QUERY]
raw:   A\subseteq B\dsep x\in A\vdash x\in B
canon: V1 subseteq V2 , V3 in V1 vdash V3 in V2
key:   am2177d90b370fe3f52bcb87436adec76f
status: none
candidates:

[QUERY]
raw:   x\in A\dsep x\not \in B\vdash A\neq B
canon: V1 in V2 , V1 not in V3 vdash V2 neq V3
key:   am7d791ff6b42351369037aa4d95940a6b
status: none
candidates:

[QUERY]
raw:   A\subset B\coloneq A\subseteq B\land A\neq B
canon: V1 subset V2 coloneq V1 subseteq V2 land V1 neq V2
key:   am687ecce770d48563d062d8eec42f81bd
status: none
candidates:

[QUERY]
raw:   A\subset B\coloneq A\subseteq B\land A\neq B
canon: V1 subset V2 coloneq V1 subseteq V2 land V1 neq V2
key:   am687ecce770d48563d062d8eec42f81bd
status: none
candidates:

[QUERY]
raw:   Injektive Funktion
canon: Injektive Funktion
key:   am31cc62daed56bcc55bb5c390a04fd1c3
status: none
candidates:

[QUERY]
raw:   A\neq \varnothing \eqvdash \exists x\,(x\in A)
canon: V1 neq varnothing eqvdash exists V2 ( V2 in V1 )
key:   am300b12d2f225d4afc1398246d8f8b7ad
status: none
candidates:

[QUERY]
raw:   A\subseteq B\dsep x\in A\vdash x\in B
canon: V1 subseteq V2 , V3 in V1 vdash V3 in V2
key:   am2177d90b370fe3f52bcb87436adec76f
status: none
candidates:

[QUERY]
raw:   x\in A\vdash A\neq \varnothing 
canon: V1 in V2 vdash V2 neq varnothing
key:   amb787bb155c1d9c1a9aec080b4ad38ae0
status: none
candidates:

[QUERY]
raw:   x\in \bigcup A\eqvdash \exists B\in A\,(x\in B)
canon: V1 in bigcup V2 eqvdash exists V3 in V2 ( V1 in V3 )
key:   am863412953a8d351f6e0215a733d5f19f
status: none
candidates:

[QUERY]
raw:   A\subseteq B\dsep x\in A\vdash x\in B
canon: V1 subseteq V2 , V3 in V1 vdash V3 in V2
key:   am2177d90b370fe3f52bcb87436adec76f
status: none
candidates:

[QUERY]
raw:   A\subseteq B\dsep x\in A\vdash x\in B
canon: V1 subseteq V2 , V3 in V1 vdash V3 in V2
key:   am2177d90b370fe3f52bcb87436adec76f
status: none
candidates:

[QUERY]
raw:   A\subseteq B\coloneq \forall x(x\in A\rightarrow x\in B)
canon: V1 subseteq V2 coloneq forall V3 ( V3 in V1 to V3 in V2 )
key:   amc8e82493d15391baabb53d15b469c6bb
status: none
candidates:

[QUERY]
raw:   x\in \bigcup A\eqvdash \exists B\in A\,(x\in B)
canon: V1 in bigcup V2 eqvdash exists V3 in V2 ( V1 in V3 )
key:   am863412953a8d351f6e0215a733d5f19f
status: none
candidates:

[QUERY]
raw:   A\subseteq B\dsep x\in A\vdash x\in B
canon: V1 subseteq V2 , V3 in V1 vdash V3 in V2
key:   am2177d90b370fe3f52bcb87436adec76f
status: none
candidates:

[QUERY]
raw:   A\subseteq B\coloneq \forall x(x\in A\rightarrow x\in B)
canon: V1 subseteq V2 coloneq forall V3 ( V3 in V1 to V3 in V2 )
key:   amc8e82493d15391baabb53d15b469c6bb
status: none
candidates:

[QUERY]
raw:   A\subseteq B\dsep B\subseteq A\vdash A=B
canon: V1 subseteq V2 , V2 subseteq V1 vdash V1 = V2
key:   amb4f50414f3d8de7f9b4ba7706a49ad86
status: none
candidates:

[QUERY]
raw:   x\in \bigcup A\eqvdash \exists B\in A\,(x\in B)
canon: V1 in bigcup V2 eqvdash exists V3 in V2 ( V1 in V3 )
key:   am863412953a8d351f6e0215a733d5f19f
status: none
candidates:

[QUERY]
raw:   A\subseteq B\dsep x\in A\vdash x\in B
canon: V1 subseteq V2 , V3 in V1 vdash V3 in V2
key:   am2177d90b370fe3f52bcb87436adec76f
status: none
candidates:

[QUERY]
raw:   x\in \bigcup A\eqvdash \exists B\in A\,(x\in B)
canon: V1 in bigcup V2 eqvdash exists V3 in V2 ( V1 in V3 )
key:   am863412953a8d351f6e0215a733d5f19f
status: none
candidates:

[QUERY]
raw:   A\subseteq B\dsep x\in A\vdash x\in B
canon: V1 subseteq V2 , V3 in V1 vdash V3 in V2
key:   am2177d90b370fe3f52bcb87436adec76f
status: none
candidates:

[QUERY]
raw:   A\subseteq B\dsep x\in A\vdash x\in B
canon: V1 subseteq V2 , V3 in V1 vdash V3 in V2
key:   am2177d90b370fe3f52bcb87436adec76f
status: none
candidates:

[QUERY]
raw:   x\in \bigcup A\eqvdash \exists B\in A\,(x\in B)
canon: V1 in bigcup V2 eqvdash exists V3 in V2 ( V1 in V3 )
key:   am863412953a8d351f6e0215a733d5f19f
status: none
candidates:

[QUERY]
raw:   A\subseteq B\dsep x\in A\vdash x\in B
canon: V1 subseteq V2 , V3 in V1 vdash V3 in V2
key:   am2177d90b370fe3f52bcb87436adec76f
status: none
candidates:

[QUERY]
raw:   A\subseteq B\dsep x\in A\vdash x\in B
canon: V1 subseteq V2 , V3 in V1 vdash V3 in V2
key:   am2177d90b370fe3f52bcb87436adec76f
status: none
candidates:

[QUERY]
raw:   A\subseteq B\coloneq \forall x(x\in A\rightarrow x\in B)
canon: V1 subseteq V2 coloneq forall V3 ( V3 in V1 to V3 in V2 )
key:   amc8e82493d15391baabb53d15b469c6bb
status: none
candidates:

[QUERY]
raw:   a=b\vdash b=a
canon: V1 = V2 vdash V2 = V1
key:   amf54bcbccb17d63b593e324ff3fa74bdb
status: none
candidates:

[QUERY]
raw:   x\in A\vdash A\neq \varnothing 
canon: V1 in V2 vdash V2 neq varnothing
key:   amb787bb155c1d9c1a9aec080b4ad38ae0
status: none
candidates:

[QUERY]
raw:   A\neq \varnothing \eqvdash \exists x\,(x\in A)
canon: V1 neq varnothing eqvdash exists V2 ( V2 in V1 )
key:   am300b12d2f225d4afc1398246d8f8b7ad
status: none
candidates:

[QUERY]
raw:   A\subseteq B\dsep x\in A\vdash x\in B
canon: V1 subseteq V2 , V3 in V1 vdash V3 in V2
key:   am2177d90b370fe3f52bcb87436adec76f
status: none
candidates:

[QUERY]
raw:   A\subseteq B\dsep x\in A\vdash x\in B
canon: V1 subseteq V2 , V3 in V1 vdash V3 in V2
key:   am2177d90b370fe3f52bcb87436adec76f
status: none
candidates:

[QUERY]
raw:   x\in A\vdash A\neq \varnothing 
canon: V1 in V2 vdash V2 neq varnothing
key:   amb787bb155c1d9c1a9aec080b4ad38ae0
status: none
candidates:

[QUERY]
raw:   x\in A\dsep x\not \in B\vdash A\neq B
canon: V1 in V2 , V1 not in V3 vdash V2 neq V3
key:   am7d791ff6b42351369037aa4d95940a6b
status: none
candidates:

[QUERY]
raw:   x\in A\vdash A\neq \varnothing 
canon: V1 in V2 vdash V2 neq varnothing
key:   amb787bb155c1d9c1a9aec080b4ad38ae0
status: none
candidates:

[QUERY]
raw:   x\in A\dsep x\not \in B\vdash A\neq B
canon: V1 in V2 , V1 not in V3 vdash V2 neq V3
key:   am7d791ff6b42351369037aa4d95940a6b
status: none
candidates:

[QUERY]
raw:   x\in A\setminus B\eqvdash x\in A\land x\notin B
canon: V1 in V2 setminus V3 eqvdash V1 in V2 land V1 notin V3
key:   am06e012ff293fec64e71099e8ad3d0251
status: none
candidates:

[QUERY]
raw:   A\subseteq B\coloneq \forall x(x\in A\rightarrow x\in B)
canon: V1 subseteq V2 coloneq forall V3 ( V3 in V1 to V3 in V2 )
key:   amc8e82493d15391baabb53d15b469c6bb
status: none
candidates:

[QUERY]
raw:   A\subseteq B\coloneq \forall x(x\in A\rightarrow x\in B)
canon: V1 subseteq V2 coloneq forall V3 ( V3 in V1 to V3 in V2 )
key:   amc8e82493d15391baabb53d15b469c6bb
status: none
candidates:

[QUERY]
raw:   A\subseteq B\dsep B\subseteq A\vdash A=B
canon: V1 subseteq V2 , V2 subseteq V1 vdash V1 = V2
key:   amb4f50414f3d8de7f9b4ba7706a49ad86
status: none
candidates:

[QUERY]
raw:   A\subseteq B\coloneq \forall x(x\in A\rightarrow x\in B)
canon: V1 subseteq V2 coloneq forall V3 ( V3 in V1 to V3 in V2 )
key:   amc8e82493d15391baabb53d15b469c6bb
status: none
candidates:

[QUERY]
raw:   A\subseteq B\dsep B\subseteq A\vdash A=B
canon: V1 subseteq V2 , V2 subseteq V1 vdash V1 = V2
key:   amb4f50414f3d8de7f9b4ba7706a49ad86
status: none
candidates:

[QUERY]
raw:   A\subseteq B\coloneq \forall x(x\in A\rightarrow x\in B)
canon: V1 subseteq V2 coloneq forall V3 ( V3 in V1 to V3 in V2 )
key:   amc8e82493d15391baabb53d15b469c6bb
status: none
candidates:

[QUERY]
raw:   A\subseteq B\coloneq \forall x(x\in A\rightarrow x\in B)
canon: V1 subseteq V2 coloneq forall V3 ( V3 in V1 to V3 in V2 )
key:   amc8e82493d15391baabb53d15b469c6bb
status: none
candidates:

[QUERY]
raw:   A\subseteq B\dsep B\subseteq A\vdash A=B
canon: V1 subseteq V2 , V2 subseteq V1 vdash V1 = V2
key:   amb4f50414f3d8de7f9b4ba7706a49ad86
status: none
candidates:

[QUERY]
raw:   A\subseteq B\coloneq \forall x(x\in A\rightarrow x\in B)
canon: V1 subseteq V2 coloneq forall V3 ( V3 in V1 to V3 in V2 )
key:   amc8e82493d15391baabb53d15b469c6bb
status: none
candidates:

[QUERY]
raw:   A\subseteq B\coloneq \forall x(x\in A\rightarrow x\in B)
canon: V1 subseteq V2 coloneq forall V3 ( V3 in V1 to V3 in V2 )
key:   amc8e82493d15391baabb53d15b469c6bb
status: none
candidates:

[QUERY]
raw:   A\subseteq B\dsep B\subseteq A\vdash A=B
canon: V1 subseteq V2 , V2 subseteq V1 vdash V1 = V2
key:   amb4f50414f3d8de7f9b4ba7706a49ad86
status: none
candidates:

[QUERY]
raw:   a=b\vdash b=a
canon: V1 = V2 vdash V2 = V1
key:   amf54bcbccb17d63b593e324ff3fa74bdb
status: none
candidates:

[QUERY]
raw:   a=b\vdash b=a
canon: V1 = V2 vdash V2 = V1
key:   amf54bcbccb17d63b593e324ff3fa74bdb
status: none
candidates:

[QUERY]
raw:   P\rightarrow Q\dsep \neg Q\vdash \neg P
canon: V1 to V2 , neg V2 vdash neg V1
key:   am848eff49fcde772327c2c045045e76fa
status: none
candidates:

[QUERY]
raw:   A\subseteq B\coloneq \forall x(x\in A\rightarrow x\in B)
canon: V1 subseteq V2 coloneq forall V3 ( V3 in V1 to V3 in V2 )
key:   amc8e82493d15391baabb53d15b469c6bb
status: none
candidates:

[QUERY]
raw:   A\subseteq B\coloneq \forall x(x\in A\rightarrow x\in B)
canon: V1 subseteq V2 coloneq forall V3 ( V3 in V1 to V3 in V2 )
key:   amc8e82493d15391baabb53d15b469c6bb
status: none
candidates:

[QUERY]
raw:   A\subset B\coloneq A\subseteq B\land A\neq B
canon: V1 subset V2 coloneq V1 subseteq V2 land V1 neq V2
key:   am687ecce770d48563d062d8eec42f81bd
status: none
candidates:

[QUERY]
raw:   A\subset B\coloneq A\subseteq B\land A\neq B
canon: V1 subset V2 coloneq V1 subseteq V2 land V1 neq V2
key:   am687ecce770d48563d062d8eec42f81bd
status: none
candidates:

[QUERY]
raw:   A\subset B\vdash A\subseteq B
canon: V1 subset V2 vdash V1 subseteq V2
key:   am649ecab949eb5514a7fe56b7930c136d
status: none
candidates:

[QUERY]
raw:   A\subset B\vdash A\neq B
canon: V1 subset V2 vdash V1 neq V2
key:   am75d3ab0ab5c0be10398a51f8abba30f1
status: none
candidates:

[QUERY]
raw:   A\subset B\coloneq A\subseteq B\land A\neq B
canon: V1 subset V2 coloneq V1 subseteq V2 land V1 neq V2
key:   am687ecce770d48563d062d8eec42f81bd
status: none
candidates:

[QUERY]
raw:   x\in A\dsep y\notin A \vdash x\neq y
canon: V1 in V2 , V3 notin V2 vdash V1 neq V3
key:   am979f573565d5f7fa55be99b79d8b120a
status: none
candidates:

[QUERY]
raw:   A\subset B\coloneq A\subseteq B\land A\neq B
canon: V1 subset V2 coloneq V1 subseteq V2 land V1 neq V2
key:   am687ecce770d48563d062d8eec42f81bd
status: none
candidates:

[QUERY]
raw:   A\subseteq B\dsep A\neq B\vdash \exists x\in B\setminus A
canon: V1 subseteq V2 , V1 neq V2 vdash exists V3 in V2 setminus V1
key:   am9ba746aaec9720aab9fa5669c9ebe48b
status: none
candidates:

[QUERY]
raw:   x\in A\setminus B\eqvdash x\in A\land x\notin B
canon: V1 in V2 setminus V3 eqvdash V1 in V2 land V1 notin V3
key:   am06e012ff293fec64e71099e8ad3d0251
status: none
candidates:

[QUERY]
raw:   A\subseteq B\dsep x\in A\vdash x\in B
canon: V1 subseteq V2 , V3 in V1 vdash V3 in V2
key:   am2177d90b370fe3f52bcb87436adec76f
status: none
candidates:

[QUERY]
raw:   x\in A\vdash A\neq \varnothing 
canon: V1 in V2 vdash V2 neq varnothing
key:   amb787bb155c1d9c1a9aec080b4ad38ae0
status: none
candidates:

[QUERY]
raw:   A\subseteq B\dsep A\neq B\vdash \exists x\in B\setminus A
canon: V1 subseteq V2 , V1 neq V2 vdash exists V3 in V2 setminus V1
key:   am9ba746aaec9720aab9fa5669c9ebe48b
status: none
candidates:

[QUERY]
raw:   x\in A\setminus B\eqvdash x\in A\land x\notin B
canon: V1 in V2 setminus V3 eqvdash V1 in V2 land V1 notin V3
key:   am06e012ff293fec64e71099e8ad3d0251
status: none
candidates:

[QUERY]
raw:   A\subseteq B\dsep A\neq B\vdash \exists x\in B\setminus A
canon: V1 subseteq V2 , V1 neq V2 vdash exists V3 in V2 setminus V1
key:   am9ba746aaec9720aab9fa5669c9ebe48b
status: none
candidates:

[QUERY]
raw:   x\in A\setminus B\eqvdash x\in A\land x\notin B
canon: V1 in V2 setminus V3 eqvdash V1 in V2 land V1 notin V3
key:   am06e012ff293fec64e71099e8ad3d0251
status: none
candidates:

[QUERY]
raw:   x\in A\dsep x\not \in B\vdash A\neq B
canon: V1 in V2 , V1 not in V3 vdash V2 neq V3
key:   am7d791ff6b42351369037aa4d95940a6b
status: none
candidates:

[QUERY]
raw:   a\neq b\vdash b\neq a
canon: V1 neq V2 vdash V2 neq V1
key:   am1ce512aaeda072847722c4c0090e8f45
status: none
candidates:

[QUERY]
raw:   A\subseteq B\dsep x\in A\vdash x\in B
canon: V1 subseteq V2 , V3 in V1 vdash V3 in V2
key:   am2177d90b370fe3f52bcb87436adec76f
status: none
candidates:

[QUERY]
raw:   A\subseteq B\dsep x\in A\vdash x\in B
canon: V1 subseteq V2 , V3 in V1 vdash V3 in V2
key:   am2177d90b370fe3f52bcb87436adec76f
status: none
candidates:

[QUERY]
raw:   A\subseteq B\dsep x\in A\vdash x\in B
canon: V1 subseteq V2 , V3 in V1 vdash V3 in V2
key:   am2177d90b370fe3f52bcb87436adec76f
status: none
candidates:

[QUERY]
raw:   A\subseteq B\dsep x\in A\vdash x\in B
canon: V1 subseteq V2 , V3 in V1 vdash V3 in V2
key:   am2177d90b370fe3f52bcb87436adec76f
status: none
candidates:

[QUERY]
raw:   x\in A\vdash A\neq \varnothing 
canon: V1 in V2 vdash V2 neq varnothing
key:   amb787bb155c1d9c1a9aec080b4ad38ae0
status: none
candidates:

[QUERY]
raw:   A\subseteq B\dsep x\in A\vdash x\in B
canon: V1 subseteq V2 , V3 in V1 vdash V3 in V2
key:   am2177d90b370fe3f52bcb87436adec76f
status: none
candidates:

[QUERY]
raw:   a\neq b\vdash b\neq a
canon: V1 neq V2 vdash V2 neq V1
key:   am1ce512aaeda072847722c4c0090e8f45
status: none
candidates:

[QUERY]
raw:   x\in A\dsep x\not \in B\vdash A\neq B
canon: V1 in V2 , V1 not in V3 vdash V2 neq V3
key:   am7d791ff6b42351369037aa4d95940a6b
status: none
candidates:

[QUERY]
raw:   a\neq b\vdash b\neq a
canon: V1 neq V2 vdash V2 neq V1
key:   am1ce512aaeda072847722c4c0090e8f45
status: none
candidates:

[QUERY]
raw:   A\subseteq B\dsep x\in A\vdash x\in B
canon: V1 subseteq V2 , V3 in V1 vdash V3 in V2
key:   am2177d90b370fe3f52bcb87436adec76f
status: none
candidates:

[QUERY]
raw:   A\subseteq B\dsep x\in A\vdash x\in B
canon: V1 subseteq V2 , V3 in V1 vdash V3 in V2
key:   am2177d90b370fe3f52bcb87436adec76f
status: none
candidates:

[QUERY]
raw:   a\neq b\vdash b\neq a
canon: V1 neq V2 vdash V2 neq V1
key:   am1ce512aaeda072847722c4c0090e8f45
status: none
candidates:

[QUERY]
raw:   \forall x(x\in A\leftrightarrow x\in B)\vdash A=B
canon: forall V1 ( V1 in V2 leftrightarrow V1 in V3 ) vdash V2 = V3
key:   amc1c91a7797e9a61ff2776975c347c39c
status: none
candidates:

[QUERY]
raw:   \forall x(x\in A\leftrightarrow x\in B)\vdash A=B
canon: forall V1 ( V1 in V2 leftrightarrow V1 in V3 ) vdash V2 = V3
key:   amc1c91a7797e9a61ff2776975c347c39c
status: none
candidates:

[QUERY]
raw:   \forall x(x\in A\leftrightarrow x\in B)\vdash A=B
canon: forall V1 ( V1 in V2 leftrightarrow V1 in V3 ) vdash V2 = V3
key:   amc1c91a7797e9a61ff2776975c347c39c
status: none
candidates:

[QUERY]
raw:   \forall x(x\in A\leftrightarrow x\in B)\vdash A=B
canon: forall V1 ( V1 in V2 leftrightarrow V1 in V3 ) vdash V2 = V3
key:   amc1c91a7797e9a61ff2776975c347c39c
status: none
candidates:

[QUERY]
raw:   A\subseteq B\coloneq \forall x(x\in A\rightarrow x\in B)
canon: V1 subseteq V2 coloneq forall V3 ( V3 in V1 to V3 in V2 )
key:   amc8e82493d15391baabb53d15b469c6bb
status: none
candidates:

[QUERY]
raw:   A\subseteq B\coloneq \forall x(x\in A\rightarrow x\in B)
canon: V1 subseteq V2 coloneq forall V3 ( V3 in V1 to V3 in V2 )
key:   amc8e82493d15391baabb53d15b469c6bb
status: none
candidates:

[QUERY]
raw:   A\subseteq B\dsep B\subseteq A\vdash A=B
canon: V1 subseteq V2 , V2 subseteq V1 vdash V1 = V2
key:   amb4f50414f3d8de7f9b4ba7706a49ad86
status: none
candidates:

[QUERY]
raw:   A\subseteq B\dsep x\in A\vdash x\in B
canon: V1 subseteq V2 , V3 in V1 vdash V3 in V2
key:   am2177d90b370fe3f52bcb87436adec76f
status: none
candidates:

[QUERY]
raw:   A\subseteq B\coloneq \forall x(x\in A\rightarrow x\in B)
canon: V1 subseteq V2 coloneq forall V3 ( V3 in V1 to V3 in V2 )
key:   amc8e82493d15391baabb53d15b469c6bb
status: none
candidates:

[QUERY]
raw:   A\subseteq B\coloneq \forall x(x\in A\rightarrow x\in B)
canon: V1 subseteq V2 coloneq forall V3 ( V3 in V1 to V3 in V2 )
key:   amc8e82493d15391baabb53d15b469c6bb
status: none
candidates:

[QUERY]
raw:   A\subseteq B\coloneq \forall x(x\in A\rightarrow x\in B)
canon: V1 subseteq V2 coloneq forall V3 ( V3 in V1 to V3 in V2 )
key:   amc8e82493d15391baabb53d15b469c6bb
status: none
candidates:

[QUERY]
raw:   A\subseteq B\dsep B\subseteq A\vdash A=B
canon: V1 subseteq V2 , V2 subseteq V1 vdash V1 = V2
key:   amb4f50414f3d8de7f9b4ba7706a49ad86
status: none
candidates:

[QUERY]
raw:   \forall x(x\in A\leftrightarrow x\in B)\vdash A=B
canon: forall V1 ( V1 in V2 leftrightarrow V1 in V3 ) vdash V2 = V3
key:   amc1c91a7797e9a61ff2776975c347c39c
status: none
candidates:

[QUERY]
raw:   \forall x(x\in A\leftrightarrow x\in B)\vdash A=B
canon: forall V1 ( V1 in V2 leftrightarrow V1 in V3 ) vdash V2 = V3
key:   amc1c91a7797e9a61ff2776975c347c39c
status: none
candidates:

[QUERY]
raw:   \forall x(x\in A\leftrightarrow x\in B)\vdash A=B
canon: forall V1 ( V1 in V2 leftrightarrow V1 in V3 ) vdash V2 = V3
key:   amc1c91a7797e9a61ff2776975c347c39c
status: none
candidates:

[QUERY]
raw:   A\subset B\coloneq A\subseteq B\land A\neq B
canon: V1 subset V2 coloneq V1 subseteq V2 land V1 neq V2
key:   am687ecce770d48563d062d8eec42f81bd
status: none
candidates:

[QUERY]
raw:   A\subset B\vdash \exists x\in B\setminus A
canon: V1 subset V2 vdash exists V3 in V2 setminus V1
key:   am970816430548926b7587ea2056d77157
status: none
candidates:

[QUERY]
raw:   A\subset B\coloneq A\subseteq B\land A\neq B
canon: V1 subset V2 coloneq V1 subseteq V2 land V1 neq V2
key:   am687ecce770d48563d062d8eec42f81bd
status: none
candidates:

[QUERY]
raw:   A\subset B\coloneq A\subseteq B\land A\neq B
canon: V1 subset V2 coloneq V1 subseteq V2 land V1 neq V2
key:   am687ecce770d48563d062d8eec42f81bd
status: none
candidates:

[QUERY]
raw:   F\colon A\to B\vdash F[A]\subseteq B
canon: V1 colon V2 to V3 vdash F[A] subseteq V3
key:   am8c0cc22d574752d4c862c07316a79f61
status: none
candidates:

[QUERY]
raw:   \neg \forall x(P(x)\rightarrow Q(x)) \eqvdash \exists x(P(x)\land \neg Q(x))
canon: neg forall V1 ( V2 ( V1 ) to V3 ( V1 ) ) eqvdash exists V4 ( V2 ( V4 ) land neg V3 ( V4 ) )
key:   am5729e74036e8544b3b96a99534dc69fe
status: none
candidates:

[QUERY]
raw:   A\subseteq B\dsep x\in A\vdash x\in B
canon: V1 subseteq V2 , V3 in V1 vdash V3 in V2
key:   am2177d90b370fe3f52bcb87436adec76f
status: none
candidates:

[QUERY]
raw:   Totale Ordnung
canon: Totale Ordnung
key:   am3465a64a83aa09d72e2c6ed359c98f06
status: none
candidates:

[QUERY]
raw:   \bot \vdash P
canon: bot vdash V1
key:   am28ea1832bda782b9beeb5cd6beb48f4e
status: none
candidates:

[QUERY]
raw:   Totale Ordnung
canon: Totale Ordnung
key:   am3465a64a83aa09d72e2c6ed359c98f06
status: none
candidates:

[QUERY]
raw:   F\colon A\to B\dsep y\in F[A] \vdash \exists x\in A\,y=F(x)
canon: V1 colon V2 to V3 , V4 in F[A] vdash exists V5 in V2 V4 = V1 ( V5 )
key:   amc7f4491a03ef9844313197dcf2d7f798
status: none
candidates:

[QUERY]
raw:   a\neq b\vdash b\neq a
canon: V1 neq V2 vdash V2 neq V1
key:   am1ce512aaeda072847722c4c0090e8f45
status: none
candidates:

[QUERY]
raw:   Totale Ordnung
canon: Totale Ordnung
key:   am3465a64a83aa09d72e2c6ed359c98f06
status: none
candidates:

[QUERY]
raw:   a=b\vdash b=a
canon: V1 = V2 vdash V2 = V1
key:   amf54bcbccb17d63b593e324ff3fa74bdb
status: none
candidates:

[QUERY]
raw:   F\colon A\to B\dsep x\in A\vdash F(x)\in B
canon: V1 colon V2 to V3 , V4 in V2 vdash V1 ( V4 ) in V3
key:   am363ae42a2e11adcc90d49fd05a6e93fd
status: none
candidates:

[QUERY]
raw:   C\subseteq A\dsep F\colon A\to B\dsep x\in C\vdash F(x)\in F[C]
canon: V1 subseteq V2 , V3 colon V2 to V4 , V5 in V1 vdash V3 ( V5 ) in F[C]
key:   am973084f0406a54191f1ba04e20cd1f1e
status: none
candidates:

[QUERY]
raw:   A\subseteq A
canon: V1 subseteq V1
key:   amd81b83ca16b46ebea5c932913054dbfd
status: none
candidates:

[QUERY]
raw:   Totale Ordnung
canon: Totale Ordnung
key:   am3465a64a83aa09d72e2c6ed359c98f06
status: none
candidates:

[QUERY]
raw:   x\not \in \varnothing 
canon: V1 not in varnothing
key:   amde296a9cb1dc19d5c88103eb59dd5d02
status: none
candidates:

[QUERY]
raw:   Totale Ordnung
canon: Totale Ordnung
key:   am3465a64a83aa09d72e2c6ed359c98f06
status: none
candidates:

[QUERY]
raw:   Injektive Funktion
canon: Injektive Funktion
key:   am31cc62daed56bcc55bb5c390a04fd1c3
status: none
candidates:

[QUERY]
raw:   Injektive Funktion
canon: Injektive Funktion
key:   am31cc62daed56bcc55bb5c390a04fd1c3
status: none
candidates:

[QUERY]
raw:   n\in \mathbb N\vdash n<\Succ (n)
canon: V1 in mathbb V2 vdash n< Succ ( V1 )
key:   am4efdc89c889fa30d437422982f4fbbf7
status: none
candidates:

[QUERY]
raw:   Totale Ordnung
canon: Totale Ordnung
key:   am3465a64a83aa09d72e2c6ed359c98f06
status: none
candidates:

[QUERY]
raw:   x\in A\vdash A\neq \varnothing 
canon: V1 in V2 vdash V2 neq varnothing
key:   amb787bb155c1d9c1a9aec080b4ad38ae0
status: none
candidates:

[QUERY]
raw:   Totale Ordnung
canon: Totale Ordnung
key:   am3465a64a83aa09d72e2c6ed359c98f06
status: none
candidates:

[QUERY]
raw:   Totale Ordnung
canon: Totale Ordnung
key:   am3465a64a83aa09d72e2c6ed359c98f06
status: none
candidates:

[QUERY]
raw:   A\subseteq B\dsep A\neq B\vdash \exists x\in B\setminus A
canon: V1 subseteq V2 , V1 neq V2 vdash exists V3 in V2 setminus V1
key:   am9ba746aaec9720aab9fa5669c9ebe48b
status: none
candidates:

[QUERY]
raw:   Totale Ordnung
canon: Totale Ordnung
key:   am3465a64a83aa09d72e2c6ed359c98f06
status: none
candidates:

[QUERY]
raw:   Totale Ordnung
canon: Totale Ordnung
key:   am3465a64a83aa09d72e2c6ed359c98f06
status: none
candidates:

[QUERY]
raw:   Bijektive Funktion
canon: Bijektive Funktion
key:   amc0fd31a9a96c7aa252c960a9e422f86e
status: none
candidates:

[QUERY]
raw:   Totale Ordnung
canon: Totale Ordnung
key:   am3465a64a83aa09d72e2c6ed359c98f06
status: none
candidates:

[QUERY]
raw:   Totale Ordnung
canon: Totale Ordnung
key:   am3465a64a83aa09d72e2c6ed359c98f06
status: none
candidates:

[QUERY]
raw:   a=b\vdash b=a
canon: V1 = V2 vdash V2 = V1
key:   amf54bcbccb17d63b593e324ff3fa74bdb
status: none
candidates:

[QUERY]
raw:   Totale Ordnung
canon: Totale Ordnung
key:   am3465a64a83aa09d72e2c6ed359c98f06
status: none
candidates:

[QUERY]
raw:   Totale Ordnung
canon: Totale Ordnung
key:   am3465a64a83aa09d72e2c6ed359c98f06
status: none
candidates:

[QUERY]
raw:   Surjektive Funktion
canon: Surjektive Funktion
key:   am94ecd40c93632c5802ffbdccd832e8ae
status: none
candidates:

[QUERY]
raw:   \forall x\,(x\in A\leftrightarrow x\in B) \vdash A=B
canon: forall V1 ( V1 in V2 leftrightarrow V1 in V3 ) vdash V2 = V3
key:   amc1c91a7797e9a61ff2776975c347c39c
status: none
candidates:

[QUERY]
raw:   Totale Ordnung
canon: Totale Ordnung
key:   am3465a64a83aa09d72e2c6ed359c98f06
status: none
candidates:

[QUERY]
raw:   Surjektive Funktion
canon: Surjektive Funktion
key:   am94ecd40c93632c5802ffbdccd832e8ae
status: none
candidates:

[QUERY]
raw:   \forall x\,(x\in A\leftrightarrow x\in B) \vdash A=B
canon: forall V1 ( V1 in V2 leftrightarrow V1 in V3 ) vdash V2 = V3
key:   amc1c91a7797e9a61ff2776975c347c39c
status: none
candidates:

[QUERY]
raw:   x\in A\vdash A\neq \varnothing 
canon: V1 in V2 vdash V2 neq varnothing
key:   amb787bb155c1d9c1a9aec080b4ad38ae0
status: none
candidates:

[QUERY]
raw:   x\in \bigcup A\eqvdash \exists B\in A\,(x\in B)
canon: V1 in bigcup V2 eqvdash exists V3 in V2 ( V1 in V3 )
key:   am863412953a8d351f6e0215a733d5f19f
status: none
candidates:

[QUERY]
raw:   A\subseteq B\coloneq \forall x(x\in A\rightarrow x\in B)
canon: V1 subseteq V2 coloneq forall V3 ( V3 in V1 to V3 in V2 )
key:   amc8e82493d15391baabb53d15b469c6bb
status: none
candidates:

[QUERY]
raw:   F\colon A\to B\dsep \exists x\in A\,y=F(x)\vdash y\in F[A]
canon: V1 colon V2 to V3 , exists V4 in V2 V5 = V1 ( V4 ) vdash V5 in F[A]
key:   ame09b1e0289b1687d42474eeaf5167469
status: none
candidates:

[QUERY]
raw:   x\in \bigcup A\eqvdash \exists B\in A\,(x\in B)
canon: V1 in bigcup V2 eqvdash exists V3 in V2 ( V1 in V3 )
key:   am863412953a8d351f6e0215a733d5f19f
status: none
candidates:

[QUERY]
raw:   A\subseteq B\coloneq \forall x(x\in A\rightarrow x\in B)
canon: V1 subseteq V2 coloneq forall V3 ( V3 in V1 to V3 in V2 )
key:   amc8e82493d15391baabb53d15b469c6bb
status: none
candidates:

[QUERY]
raw:   \forall x\,(x\in A\leftrightarrow x\in B) \vdash A=B
canon: forall V1 ( V1 in V2 leftrightarrow V1 in V3 ) vdash V2 = V3
key:   amc1c91a7797e9a61ff2776975c347c39c
status: none
candidates:

[QUERY]
raw:   Surjektive Funktion
canon: Surjektive Funktion
key:   am94ecd40c93632c5802ffbdccd832e8ae
status: none
candidates:

[QUERY]
raw:   F\colon A\to B\vdash y\in F[A]\leftrightarrow \exists x\in A\,y=F(x)
canon: V1 colon V2 to V3 vdash V4 in F[A] leftrightarrow exists V5 in V2 V4 = V1 ( V5 )
key:   amb14f9ae560931dafdf5792f3acd2da3b
status: none
candidates:

[QUERY]
raw:   \forall x\,(x\in A\leftrightarrow x\in B) \vdash A=B
canon: forall V1 ( V1 in V2 leftrightarrow V1 in V3 ) vdash V2 = V3
key:   amc1c91a7797e9a61ff2776975c347c39c
status: none
candidates:

